Archive member included to satisfy reference by file (symbol)

C:/PROGRA~2/ARMGNU~1/13C7F1~1.2RE/bin/../lib/gcc/arm-none-eabi/13.2.1/thumb/v6-m/nofp\libgcc.a(_dvmd_tls.o)
                              CMakeFiles/roboticarm.dir/C_/Users/thedy/.pico-sdk/sdk/1.5.1/src/rp2_common/pico_divider/divider.S.obj (__aeabi_idiv0)
C:/PROGRA~2/ARMGNU~1/13C7F1~1.2RE/bin/../lib/gcc/arm-none-eabi/13.2.1/thumb/v6-m/nofp\libg.a(libc_a-calloc.o)
                              CMakeFiles/roboticarm.dir/C_/Users/thedy/.pico-sdk/sdk/1.5.1/src/rp2_common/pico_malloc/pico_malloc.c.obj (calloc)
C:/PROGRA~2/ARMGNU~1/13C7F1~1.2RE/bin/../lib/gcc/arm-none-eabi/13.2.1/thumb/v6-m/nofp\libg.a(libc_a-callocr.o)
                              C:/PROGRA~2/ARMGNU~1/13C7F1~1.2RE/bin/../lib/gcc/arm-none-eabi/13.2.1/thumb/v6-m/nofp\libg.a(libc_a-calloc.o) (_calloc_r)
C:/PROGRA~2/ARMGNU~1/13C7F1~1.2RE/bin/../lib/gcc/arm-none-eabi/13.2.1/thumb/v6-m/nofp\libg.a(libc_a-malloc.o)
                              CMakeFiles/roboticarm.dir/C_/Users/thedy/.pico-sdk/sdk/1.5.1/src/rp2_common/pico_malloc/pico_malloc.c.obj (malloc)
C:/PROGRA~2/ARMGNU~1/13C7F1~1.2RE/bin/../lib/gcc/arm-none-eabi/13.2.1/thumb/v6-m/nofp\libg.a(libc_a-mallocr.o)
                              C:/PROGRA~2/ARMGNU~1/13C7F1~1.2RE/bin/../lib/gcc/arm-none-eabi/13.2.1/thumb/v6-m/nofp\libg.a(libc_a-callocr.o) (_malloc_r)
C:/PROGRA~2/ARMGNU~1/13C7F1~1.2RE/bin/../lib/gcc/arm-none-eabi/13.2.1/thumb/v6-m/nofp\libg.a(libc_a-mlock.o)
                              C:/PROGRA~2/ARMGNU~1/13C7F1~1.2RE/bin/../lib/gcc/arm-none-eabi/13.2.1/thumb/v6-m/nofp\libg.a(libc_a-mallocr.o) (__malloc_lock)
C:/PROGRA~2/ARMGNU~1/13C7F1~1.2RE/bin/../lib/gcc/arm-none-eabi/13.2.1/thumb/v6-m/nofp\libg.a(libc_a-realloc.o)
                              CMakeFiles/roboticarm.dir/C_/Users/thedy/.pico-sdk/sdk/1.5.1/src/rp2_common/pico_malloc/pico_malloc.c.obj (realloc)
C:/PROGRA~2/ARMGNU~1/13C7F1~1.2RE/bin/../lib/gcc/arm-none-eabi/13.2.1/thumb/v6-m/nofp\libg.a(libc_a-reallocr.o)
                              C:/PROGRA~2/ARMGNU~1/13C7F1~1.2RE/bin/../lib/gcc/arm-none-eabi/13.2.1/thumb/v6-m/nofp\libg.a(libc_a-realloc.o) (_realloc_r)
C:/PROGRA~2/ARMGNU~1/13C7F1~1.2RE/bin/../lib/gcc/arm-none-eabi/13.2.1/thumb/v6-m/nofp\libg.a(libc_a-scanf.o)
                              CMakeFiles/roboticarm.dir/roboticarm.cpp.obj (scanf)
C:/PROGRA~2/ARMGNU~1/13C7F1~1.2RE/bin/../lib/gcc/arm-none-eabi/13.2.1/thumb/v6-m/nofp\libg.a(libc_a-memmove.o)
                              C:/PROGRA~2/ARMGNU~1/13C7F1~1.2RE/bin/../lib/gcc/arm-none-eabi/13.2.1/thumb/v6-m/nofp\libg.a(libc_a-reallocr.o) (memmove)
C:/PROGRA~2/ARMGNU~1/13C7F1~1.2RE/bin/../lib/gcc/arm-none-eabi/13.2.1/thumb/v6-m/nofp\libg.a(libc_a-strncmp.o)
                              CMakeFiles/roboticarm.dir/roboticarm.cpp.obj (strncmp)
C:/PROGRA~2/ARMGNU~1/13C7F1~1.2RE/bin/../lib/gcc/arm-none-eabi/13.2.1/thumb/v6-m/nofp\libg.a(libc_a-impure.o)
                              C:/PROGRA~2/ARMGNU~1/13C7F1~1.2RE/bin/../lib/gcc/arm-none-eabi/13.2.1/thumb/v6-m/nofp\libg.a(libc_a-calloc.o) (_impure_ptr)
C:/PROGRA~2/ARMGNU~1/13C7F1~1.2RE/bin/../lib/gcc/arm-none-eabi/13.2.1/thumb/v6-m/nofp\libg.a(libc_a-sbrkr.o)
                              C:/PROGRA~2/ARMGNU~1/13C7F1~1.2RE/bin/../lib/gcc/arm-none-eabi/13.2.1/thumb/v6-m/nofp\libg.a(libc_a-mallocr.o) (_sbrk_r)
C:/PROGRA~2/ARMGNU~1/13C7F1~1.2RE/bin/../lib/gcc/arm-none-eabi/13.2.1/thumb/v6-m/nofp\libg.a(libc_a-errno.o)
                              C:/PROGRA~2/ARMGNU~1/13C7F1~1.2RE/bin/../lib/gcc/arm-none-eabi/13.2.1/thumb/v6-m/nofp\libg.a(libc_a-callocr.o) (__errno)
C:/PROGRA~2/ARMGNU~1/13C7F1~1.2RE/bin/../lib/gcc/arm-none-eabi/13.2.1/thumb/v6-m/nofp\libg.a(libc_a-init.o)
                              C:/PROGRA~2/ARMGNU~1/13C7F1~1.2RE/bin/../lib/gcc/arm-none-eabi/13.2.1/thumb/v6-m/nofp/crt0.o (__libc_init_array)
C:/PROGRA~2/ARMGNU~1/13C7F1~1.2RE/bin/../lib/gcc/arm-none-eabi/13.2.1/thumb/v6-m/nofp\libg.a(libc_a-lock.o)
                              C:/PROGRA~2/ARMGNU~1/13C7F1~1.2RE/bin/../lib/gcc/arm-none-eabi/13.2.1/thumb/v6-m/nofp\libg.a(libc_a-mlock.o) (__retarget_lock_acquire_recursive)
C:/PROGRA~2/ARMGNU~1/13C7F1~1.2RE/bin/../lib/gcc/arm-none-eabi/13.2.1/thumb/v6-m/nofp\libg.a(libc_a-sysconf.o)
                              C:/PROGRA~2/ARMGNU~1/13C7F1~1.2RE/bin/../lib/gcc/arm-none-eabi/13.2.1/thumb/v6-m/nofp\libg.a(libc_a-mallocr.o) (sysconf)
C:/PROGRA~2/ARMGNU~1/13C7F1~1.2RE/bin/../lib/gcc/arm-none-eabi/13.2.1/thumb/v6-m/nofp\libg.a(libc_a-strlen-stub.o)
                              CMakeFiles/roboticarm.dir/C_/Users/thedy/.pico-sdk/sdk/1.5.1/src/rp2_common/pico_stdio/stdio.c.obj (strlen)
C:/PROGRA~2/ARMGNU~1/13C7F1~1.2RE/bin/../lib/gcc/arm-none-eabi/13.2.1/thumb/v6-m/nofp\libg.a(libc_a-freer.o)
                              C:/PROGRA~2/ARMGNU~1/13C7F1~1.2RE/bin/../lib/gcc/arm-none-eabi/13.2.1/thumb/v6-m/nofp\libg.a(libc_a-malloc.o) (_free_r)
C:/PROGRA~2/ARMGNU~1/13C7F1~1.2RE/bin/../lib/gcc/arm-none-eabi/13.2.1/thumb/v6-m/nofp\libg.a(libc_a-vfscanf.o)
[...]
Memory Configuration

Name             Origin             Length             Attributes
FLASH            0x10000000         0x00200000         xr
RAM              0x20000000         0x00040000         xrw
SCRATCH_X        0x20040000         0x00001000         xrw
SCRATCH_Y        0x20041000         0x00001000         xrw
*default*        0x00000000         0xffffffff

Linker script and memory map

LOAD C:/PROGRA~2/ARMGNU~1/13C7F1~1.2RE/bin/../lib/gcc/arm-none-eabi/13.2.1/thumb/v6-m/nofp/crti.o
LOAD C:/PROGRA~2/ARMGNU~1/13C7F1~1.2RE/bin/../lib/gcc/arm-none-eabi/13.2.1/thumb/v6-m/nofp/crtbegin.o
LOAD C:/PROGRA~2/ARMGNU~1/13C7F1~1.2RE/bin/../lib/gcc/arm-none-eabi/13.2.1/thumb/v6-m/nofp/crt0.o

.flash_begin    0x10000000        0x0
                0x10000000                        __flash_binary_start = .

.boot2          0x10000000      0x100
                0x10000000                        __boot2_start__ = .
 *(.boot2)
 .boot2         0x10000000      0x100 C:\Users\thedy\AppData\Local\Temp\ccAMgkzT.o
                0x10000100                        __boot2_end__ = .
                0x00000001                        ASSERT (((__boot2_end__ - __boot2_start__) == 0x100), ERROR: Pico second stage bootloader must be 256 bytes in size)

.text           0x10000100     0xd720
                0x10000100                        __logical_binary_start = .
 *(.vectors)
 .vectors       0x10000100       0xd4 CMakeFiles/roboticarm.dir/C_/Users/thedy/.pico-sdk/sdk/1.5.1/src/rp2_common/pico_standard_link/crt0.S.obj
                0x10000100                __VECTOR_TABLE
                0x10000100                __vectors
                0x100001c0                isr_invalid
                0x100001c0                __default_isrs_start
                0x100001c2                isr_nmi
                0x100001c4                isr_hardfault
                0x100001c6                isr_svcall
                0x100001c8                isr_pendsv
                0x100001ca                isr_systick
                0x100001cc                isr_irq23
                0x100001cc                isr_irq18
                0x100001cc                isr_irq11
                0x100001cc                isr_irq28
                0x100001cc                isr_irq19
                0x100001cc                isr_irq0
                0x100001cc                isr_irq6
                0x100001cc                isr_irq5
                0x100001cc                isr_irq12
                0x100001cc                isr_irq22
                0x100001cc                isr_irq31
                0x100001cc                isr_irq17
                0x100001cc                isr_irq27
                0x100001cc                isr_irq30
                0x100001cc                isr_irq2
                0x100001cc                isr_irq10
                0x100001cc                isr_irq8
                0x100001cc                isr_irq24
                0x100001cc                isr_irq1
                0x100001cc                isr_irq7
                0x100001cc                isr_irq21
                0x100001cc                isr_irq20
                0x100001cc                isr_irq15
                0x100001cc                isr_irq25
                0x100001cc                isr_irq13
                0x100001cc                __unhandled_user_irq
                0x100001cc                isr_irq4
                0x100001cc                isr_irq16
                0x100001cc                isr_irq29
                0x100001cc                isr_irq26
                0x100001cc                __default_isrs_end
                0x100001cc                isr_irq3
                0x100001cc                isr_irq14
                0x100001cc                isr_irq9
                0x100001d2                unhandled_user_irq_num_in_r0
 *(.binary_info_header)
 .binary_info_header
                0x100001d4       0x14 CMakeFiles/roboticarm.dir/C_/Users/thedy/.pico-sdk/sdk/1.5.1/src/rp2_common/pico_standard_link/crt0.S.obj
                0x100001e8                        __binary_info_header_end = .
 *(.reset)
 .reset         0x100001e8       0xa0 CMakeFiles/roboticarm.dir/C_/Users/thedy/.pico-sdk/sdk/1.5.1/src/rp2_common/pico_standard_link/crt0.S.obj
                0x100001e8                _entry_point
 .reset         0x10000288       0x30 CMakeFiles/roboticarm.dir/C_/Users/thedy/.pico-sdk/sdk/1.5.1/src/rp2_common/pico_standard_link/binary_info.c.obj
 *(.init)
 .init          0x100002b8        0x4 C:/PROGRA~2/ARMGNU~1/13C7F1~1.2RE/bin/../lib/gcc/arm-none-eabi/13.2.1/thumb/v6-m/nofp/crti.o
                0x100002b8                _init
 *(EXCLUDE_FILE(*libm.a: *libc.a:*lib_a-mem*.o *libgcc.a:) .text*)
 .text.register_tm_clones
                0x100002bc       0x28 C:/PROGRA~2/ARMGNU~1/13C7F1~1.2RE/bin/../lib/gcc/arm-none-eabi/13.2.1/thumb/v6-m/nofp/crtbegin.o
 .text.frame_dummy
                0x100002e4       0x24 C:/PROGRA~2/ARMGNU~1/13C7F1~1.2RE/bin/../lib/gcc/arm-none-eabi/13.2.1/thumb/v6-m/nofp/crtbegin.o
 .text.pwm_init
                0x10000308       0x34 CMakeFiles/roboticarm.dir/roboticarm.cpp.obj
 .text._ZN15MotorControllerC2Eii
                0x1000033c       0x94 CMakeFiles/roboticarm.dir/roboticarm.cpp.obj
                0x1000033c                MotorController::MotorController(int, int)
                0x1000033c                MotorController::MotorController(int, int)
 .text._Z41__static_initialization_and_destruction_0v
                0x100003d0       0x30 CMakeFiles/roboticarm.dir/roboticarm.cpp.obj
 .text._ZN15MotorController13mapSpeedToPWMEf
                0x10000400       0x3e CMakeFiles/roboticarm.dir/roboticarm.cpp.obj
                0x10000400                MotorController::mapSpeedToPWM(float)
 *fill*         0x1000043e        0x2 
 .text._ZN15MotorController8setSpeedEf
                0x10000440       0xc8 CMakeFiles/roboticarm.dir/roboticarm.cpp.obj
                0x10000440                MotorController::setSpeed(float)
 .text._Z18measure_duty_cyclej
                0x10000508       0xdc CMakeFiles/roboticarm.dir/roboticarm.cpp.obj
                0x10000508                measure_duty_cycle(unsigned int)
 .text._Z7ReadPWMv
                0x100005e4       0x30 CMakeFiles/roboticarm.dir/roboticarm.cpp.obj
                0x100005e4                ReadPWM()
 .text.main     0x10000614      0x21c CMakeFiles/roboticarm.dir/roboticarm.cpp.obj
                0x10000614                main
 .text._GLOBAL__sub_I__ZN15MotorControllerC2Eii
                0x10000830        0x8 CMakeFiles/roboticarm.dir/roboticarm.cpp.obj
 .text.gpio_set_function
                0x10000838       0x30 CMakeFiles/roboticarm.dir/C_/Users/thedy/.pico-sdk/sdk/1.5.1/src/rp2_common/hardware_gpio/gpio.c.obj
                0x10000838                gpio_set_function
 .text.gpio_init
                0x10000868       0x16 CMakeFiles/roboticarm.dir/C_/Users/thedy/.pico-sdk/sdk/1.5.1/src/rp2_common/hardware_gpio/gpio.c.obj
                0x10000868                gpio_init
 *fill*         0x1000087e        0x2 
 .text.running_on_fpga
                0x10000880       0x14 CMakeFiles/roboticarm.dir/C_/Users/thedy/.pico-sdk/sdk/1.5.1/src/rp2_common/pico_platform/platform.c.obj
                0x10000880                running_on_fpga
 .text.hw_claim_lock
                0x10000894       0x18 CMakeFiles/roboticarm.dir/C_/Users/thedy/.pico-sdk/sdk/1.5.1/src/rp2_common/hardware_claim/claim.c.obj
                0x10000894                hw_claim_lock
 .text.hw_claim_unlock
                0x100008ac       0x14 CMakeFiles/roboticarm.dir/C_/Users/thedy/.pico-sdk/sdk/1.5.1/src/rp2_common/hardware_claim/claim.c.obj
                0x100008ac                hw_claim_unlock
 .text.hw_claim_or_assert
                0x100008c0       0x32 CMakeFiles/roboticarm.dir/C_/Users/thedy/.pico-sdk/sdk/1.5.1/src/rp2_common/hardware_claim/claim.c.obj
                0x100008c0                hw_claim_or_assert
 .text.hw_claim_unused_from_range
                0x100008f2       0x50 CMakeFiles/roboticarm.dir/C_/Users/thedy/.pico-sdk/sdk/1.5.1/src/rp2_common/hardware_claim/claim.c.obj
                0x100008f2                hw_claim_unused_from_range
 *fill*         0x10000942        0x2 
 .text.spin_locks_reset
                0x10000944       0x20 CMakeFiles/roboticarm.dir/C_/Users/thedy/.pico-sdk/sdk/1.5.1/src/rp2_common/hardware_sync/sync.c.obj
                0x10000944                spin_locks_reset
 .text.next_striped_spin_lock_num
                0x10000964       0x1c CMakeFiles/roboticarm.dir/C_/Users/thedy/.pico-sdk/sdk/1.5.1/src/rp2_common/hardware_sync/sync.c.obj
                0x10000964                next_striped_spin_lock_num
 .text.spin_lock_claim_unused
                0x10000980       0x24 CMakeFiles/roboticarm.dir/C_/Users/thedy/.pico-sdk/sdk/1.5.1/src/rp2_common/hardware_sync/sync.c.obj
                0x10000980                spin_lock_claim_unused
 .text.set_raw_irq_handler_and_unlock
                0x100009a4       0x28 CMakeFiles/roboticarm.dir/C_/Users/thedy/.pico-sdk/sdk/1.5.1/src/rp2_common/hardware_irq/irq.c.obj
 .text.resolve_branch
                0x100009cc       0x30 CMakeFiles/roboticarm.dir/C_/Users/thedy/.pico-sdk/sdk/1.5.1/src/rp2_common/hardware_irq/irq.c.obj
 .text.make_branch
                0x100009fc       0x48 CMakeFiles/roboticarm.dir/C_/Users/thedy/.pico-sdk/sdk/1.5.1/src/rp2_common/hardware_irq/irq.c.obj
 .text.insert_branch_and_link
                0x10000a44       0x40 CMakeFiles/roboticarm.dir/C_/Users/thedy/.pico-sdk/sdk/1.5.1/src/rp2_common/hardware_irq/irq.c.obj
 .text.irq_is_enabled
                0x10000a84       0x18 CMakeFiles/roboticarm.dir/C_/Users/thedy/.pico-sdk/sdk/1.5.1/src/rp2_common/hardware_irq/irq.c.obj
                0x10000a84                irq_is_enabled
 .text.irq_set_mask_enabled
                0x10000a9c       0x20 CMakeFiles/roboticarm.dir/C_/Users/thedy/.pico-sdk/sdk/1.5.1/src/rp2_common/hardware_irq/irq.c.obj
                0x10000a9c                irq_set_mask_enabled
 .text.irq_set_enabled
                0x10000abc        0xe CMakeFiles/roboticarm.dir/C_/Users/thedy/.pico-sdk/sdk/1.5.1/src/rp2_common/hardware_irq/irq.c.obj
                0x10000abc                irq_set_enabled
 *fill*         0x10000aca        0x2 
 .text.irq_set_pending
                0x10000acc       0x10 CMakeFiles/roboticarm.dir/C_/Users/thedy/.pico-sdk/sdk/1.5.1/src/rp2_common/hardware_irq/irq.c.obj
                0x10000acc                irq_set_pending
 .text.irq_get_vtable_handler
                0x10000adc       0x10 CMakeFiles/roboticarm.dir/C_/Users/thedy/.pico-sdk/sdk/1.5.1/src/rp2_common/hardware_irq/irq.c.obj
                0x10000adc                irq_get_vtable_handler
 .text.irq_has_shared_handler
                0x10000aec       0x24 CMakeFiles/roboticarm.dir/C_/Users/thedy/.pico-sdk/sdk/1.5.1/src/rp2_common/hardware_irq/irq.c.obj
                0x10000aec                irq_has_shared_handler
 .text.irq_set_exclusive_handler
                0x10000b10       0x54 CMakeFiles/roboticarm.dir/C_/Users/thedy/.pico-sdk/sdk/1.5.1/src/rp2_common/hardware_irq/irq.c.obj
                0x10000b10                irq_set_exclusive_handler
 .text.irq_add_shared_handler
                0x10000b64      0x210 CMakeFiles/roboticarm.dir/C_/Users/thedy/.pico-sdk/sdk/1.5.1/src/rp2_common/hardware_irq/irq.c.obj
                0x10000b64                irq_add_shared_handler
 .text.irq_remove_handler
                0x10000d74      0x188 CMakeFiles/roboticarm.dir/C_/Users/thedy/.pico-sdk/sdk/1.5.1/src/rp2_common/hardware_irq/irq.c.obj
                0x10000d74                irq_remove_handler
 .text.irq_add_tail_to_free_list
                0x10000efc       0xf0 CMakeFiles/roboticarm.dir/C_/Users/thedy/.pico-sdk/sdk/1.5.1/src/rp2_common/hardware_irq/irq.c.obj
                0x10000efc                irq_add_tail_to_free_list
 .text.irq_init_priorities
                0x10000fec       0x1c CMakeFiles/roboticarm.dir/C_/Users/thedy/.pico-sdk/sdk/1.5.1/src/rp2_common/hardware_irq/irq.c.obj
                0x10000fec                irq_init_priorities
 .text.user_irq_claim_unused
                0x10001008       0x2c CMakeFiles/roboticarm.dir/C_/Users/thedy/.pico-sdk/sdk/1.5.1/src/rp2_common/hardware_irq/irq.c.obj
                0x10001008                user_irq_claim_unused
 .text.lock_init
                0x10001034       0x10 CMakeFiles/roboticarm.dir/C_/Users/thedy/.pico-sdk/sdk/1.5.1/src/common/pico_sync/lock_core.c.obj
                0x10001034                lock_init
 .text.update_us_since_boot
                0x10001044       0x24 CMakeFiles/roboticarm.dir/C_/Users/thedy/.pico-sdk/sdk/1.5.1/src/common/pico_sync/mutex.c.obj
 .text.delayed_by_ms
                0x10001068       0x44 CMakeFiles/roboticarm.dir/C_/Users/thedy/.pico-sdk/sdk/1.5.1/src/common/pico_sync/mutex.c.obj
 .text.get_absolute_time
                0x100010ac       0x22 CMakeFiles/roboticarm.dir/C_/Users/thedy/.pico-sdk/sdk/1.5.1/src/common/pico_sync/mutex.c.obj
 .text.make_timeout_time_ms
                0x100010ce       0x20 CMakeFiles/roboticarm.dir/C_/Users/thedy/.pico-sdk/sdk/1.5.1/src/common/pico_sync/mutex.c.obj
 .text.mutex_init
                0x100010ee       0x1a CMakeFiles/roboticarm.dir/C_/Users/thedy/.pico-sdk/sdk/1.5.1/src/common/pico_sync/mutex.c.obj
                0x100010ee                mutex_init
 .text.recursive_mutex_init
                0x10001108       0x1e CMakeFiles/roboticarm.dir/C_/Users/thedy/.pico-sdk/sdk/1.5.1/src/common/pico_sync/mutex.c.obj
                0x10001108                recursive_mutex_init
 *fill*         0x10001126        0x2 
 .text.critical_section_init_with_lock_num
                0x10001128       0x14 CMakeFiles/roboticarm.dir/C_/Users/thedy/.pico-sdk/sdk/1.5.1/src/common/pico_sync/critical_section.c.obj
                0x10001128                critical_section_init_with_lock_num
 .text.critical_section_init
                0x1000113c       0x14 CMakeFiles/roboticarm.dir/C_/Users/thedy/.pico-sdk/sdk/1.5.1/src/common/pico_sync/critical_section.c.obj
                0x1000113c                critical_section_init
 .text.time_reached
                0x10001150       0x28 CMakeFiles/roboticarm.dir/C_/Users/thedy/.pico-sdk/sdk/1.5.1/src/common/pico_time/time.c.obj
 .text.get_entry
                0x10001178       0x38 CMakeFiles/roboticarm.dir/C_/Users/thedy/.pico-sdk/sdk/1.5.1/src/common/pico_time/time.c.obj
 .text.timer_pool_entry_comparator
                0x100011b0       0x2e CMakeFiles/roboticarm.dir/C_/Users/thedy/.pico-sdk/sdk/1.5.1/src/common/pico_time/time.c.obj
                0x100011b0                timer_pool_entry_comparator
 *fill*         0x100011de        0x2 
 .text.update_us_since_boot
                0x100011e0       0x24 CMakeFiles/roboticarm.dir/C_/Users/thedy/.pico-sdk/sdk/1.5.1/src/common/pico_time/time.c.obj
 .text.delayed_by_us
                0x10001204       0x34 CMakeFiles/roboticarm.dir/C_/Users/thedy/.pico-sdk/sdk/1.5.1/src/common/pico_time/time.c.obj
 .text.ph_get_node
                0x10001238       0x30 CMakeFiles/roboticarm.dir/C_/Users/thedy/.pico-sdk/sdk/1.5.1/src/common/pico_time/time.c.obj
 .text.ph_contains_node
                0x10001268       0x1e CMakeFiles/roboticarm.dir/C_/Users/thedy/.pico-sdk/sdk/1.5.1/src/common/pico_time/time.c.obj
 .text.ph_new_node
                0x10001286       0x28 CMakeFiles/roboticarm.dir/C_/Users/thedy/.pico-sdk/sdk/1.5.1/src/common/pico_time/time.c.obj
 *fill*         0x100012ae        0x2 
 .text.ph_add_child_node
                0x100012b0       0x6c CMakeFiles/roboticarm.dir/C_/Users/thedy/.pico-sdk/sdk/1.5.1/src/common/pico_time/time.c.obj
 .text.ph_merge_nodes
                0x1000131c       0x3e CMakeFiles/roboticarm.dir/C_/Users/thedy/.pico-sdk/sdk/1.5.1/src/common/pico_time/time.c.obj
 *fill*         0x1000135a        0x2 
 .text.ph_insert_node
                0x1000135c       0x3c CMakeFiles/roboticarm.dir/C_/Users/thedy/.pico-sdk/sdk/1.5.1/src/common/pico_time/time.c.obj
 .text.ph_free_node
                0x10001398       0x5c CMakeFiles/roboticarm.dir/C_/Users/thedy/.pico-sdk/sdk/1.5.1/src/common/pico_time/time.c.obj
 .text.get_entry_id_high
                0x100013f4       0x30 CMakeFiles/roboticarm.dir/C_/Users/thedy/.pico-sdk/sdk/1.5.1/src/common/pico_time/time.c.obj
 .text.alarm_pool_post_alloc_init
                0x10001424       0x40 CMakeFiles/roboticarm.dir/C_/Users/thedy/.pico-sdk/sdk/1.5.1/src/common/pico_time/time.c.obj
 .text.sleep_until_callback
                0x10001464       0x30 CMakeFiles/roboticarm.dir/C_/Users/thedy/.pico-sdk/sdk/1.5.1/src/common/pico_time/time.c.obj
 .text.get_absolute_time
                0x10001494       0x22 CMakeFiles/roboticarm.dir/C_/Users/thedy/.pico-sdk/sdk/1.5.1/src/common/pico_time/time.c.obj
 .text.make_timeout_time_us
                0x100014b6       0x24 CMakeFiles/roboticarm.dir/C_/Users/thedy/.pico-sdk/sdk/1.5.1/src/common/pico_time/time.c.obj
 *fill*         0x100014da        0x2 
 .text.add_alarm_under_lock
                0x100014dc       0x94 CMakeFiles/roboticarm.dir/C_/Users/thedy/.pico-sdk/sdk/1.5.1/src/common/pico_time/time.c.obj
 .text.alarm_pool_alarm_callback
                0x10001570      0x210 CMakeFiles/roboticarm.dir/C_/Users/thedy/.pico-sdk/sdk/1.5.1/src/common/pico_time/time.c.obj
 .text.alarm_pool_init_default
                0x10001780       0x40 CMakeFiles/roboticarm.dir/C_/Users/thedy/.pico-sdk/sdk/1.5.1/src/common/pico_time/time.c.obj
                0x10001780                alarm_pool_init_default
 .text.alarm_pool_get_default
                0x100017c0       0x2c CMakeFiles/roboticarm.dir/C_/Users/thedy/.pico-sdk/sdk/1.5.1/src/common/pico_time/time.c.obj
                0x100017c0                alarm_pool_get_default
 .text.alarm_pool_add_alarm_at
                0x100017ec      0x10e CMakeFiles/roboticarm.dir/C_/Users/thedy/.pico-sdk/sdk/1.5.1/src/common/pico_time/time.c.obj
                0x100017ec                alarm_pool_add_alarm_at
 .text.add_alarm_at
                0x100018fa       0x2e CMakeFiles/roboticarm.dir/C_/Users/thedy/.pico-sdk/sdk/1.5.1/src/common/pico_time/time.c.obj
 .text.alarm_pool_cancel_alarm
                0x10001928       0xa8 CMakeFiles/roboticarm.dir/C_/Users/thedy/.pico-sdk/sdk/1.5.1/src/common/pico_time/time.c.obj
                0x10001928                alarm_pool_cancel_alarm
 .text.cancel_alarm
                0x100019d0       0x10 CMakeFiles/roboticarm.dir/C_/Users/thedy/.pico-sdk/sdk/1.5.1/src/common/pico_time/time.c.obj
 .text.alarm_pool_core_num
                0x100019e0        0x4 CMakeFiles/roboticarm.dir/C_/Users/thedy/.pico-sdk/sdk/1.5.1/src/common/pico_time/time.c.obj
                0x100019e0                alarm_pool_core_num
 .text.sleep_until
                0x100019e4       0xb0 CMakeFiles/roboticarm.dir/C_/Users/thedy/.pico-sdk/sdk/1.5.1/src/common/pico_time/time.c.obj
                0x100019e4                sleep_until
 .text.sleep_us
                0x10001a94       0x1a CMakeFiles/roboticarm.dir/C_/Users/thedy/.pico-sdk/sdk/1.5.1/src/common/pico_time/time.c.obj
                0x10001a94                sleep_us
 .text.sleep_ms
                0x10001aae       0x14 CMakeFiles/roboticarm.dir/C_/Users/thedy/.pico-sdk/sdk/1.5.1/src/common/pico_time/time.c.obj
                0x10001aae                sleep_ms
 *fill*         0x10001ac2        0x2 
 .text.best_effort_wfe_or_timeout
                0x10001ac4       0x44 CMakeFiles/roboticarm.dir/C_/Users/thedy/.pico-sdk/sdk/1.5.1/src/common/pico_time/time.c.obj
                0x10001ac4                best_effort_wfe_or_timeout
 .text.update_us_since_boot
                0x10001b08       0x24 CMakeFiles/roboticarm.dir/C_/Users/thedy/.pico-sdk/sdk/1.5.1/src/rp2_common/hardware_timer/timer.c.obj
 .text.hardware_alarm_irq_handler
                0x10001b2c       0x8c CMakeFiles/roboticarm.dir/C_/Users/thedy/.pico-sdk/sdk/1.5.1/src/rp2_common/hardware_timer/timer.c.obj
 .text.hardware_alarm_claim
                0x10001bb8       0x18 CMakeFiles/roboticarm.dir/C_/Users/thedy/.pico-sdk/sdk/1.5.1/src/rp2_common/hardware_timer/timer.c.obj
                0x10001bb8                hardware_alarm_claim
 .text.time_us_64
                0x10001bd0       0x18 CMakeFiles/roboticarm.dir/C_/Users/thedy/.pico-sdk/sdk/1.5.1/src/rp2_common/hardware_timer/timer.c.obj
                0x10001bd0                time_us_64
 .text.busy_wait_until
                0x10001be8       0x28 CMakeFiles/roboticarm.dir/C_/Users/thedy/.pico-sdk/sdk/1.5.1/src/rp2_common/hardware_timer/timer.c.obj
                0x10001be8                busy_wait_until
 .text.busy_wait_us
                0x10001c10       0x3a CMakeFiles/roboticarm.dir/C_/Users/thedy/.pico-sdk/sdk/1.5.1/src/rp2_common/hardware_timer/timer.c.obj
                0x10001c10                busy_wait_us
 *fill*         0x10001c4a        0x2 
 .text.hardware_alarm_set_callback
                0x10001c4c       0x90 CMakeFiles/roboticarm.dir/C_/Users/thedy/.pico-sdk/sdk/1.5.1/src/rp2_common/hardware_timer/timer.c.obj
                0x10001c4c                hardware_alarm_set_callback
 .text.hardware_alarm_set_target
                0x10001cdc       0xe8 CMakeFiles/roboticarm.dir/C_/Users/thedy/.pico-sdk/sdk/1.5.1/src/rp2_common/hardware_timer/timer.c.obj
                0x10001cdc                hardware_alarm_set_target
 .text.hardware_alarm_cancel
                0x10001dc4       0x40 CMakeFiles/roboticarm.dir/C_/Users/thedy/.pico-sdk/sdk/1.5.1/src/rp2_common/hardware_timer/timer.c.obj
                0x10001dc4                hardware_alarm_cancel
 .text.ph_get_node
                0x10001e04       0x30 CMakeFiles/roboticarm.dir/C_/Users/thedy/.pico-sdk/sdk/1.5.1/src/common/pico_util/pheap.c.obj
 .text.ph_add_child_node
                0x10001e34       0x6c CMakeFiles/roboticarm.dir/C_/Users/thedy/.pico-sdk/sdk/1.5.1/src/common/pico_util/pheap.c.obj
 .text.ph_merge_nodes
                0x10001ea0       0x3e CMakeFiles/roboticarm.dir/C_/Users/thedy/.pico-sdk/sdk/1.5.1/src/common/pico_util/pheap.c.obj
 .text.ph_clear
                0x10001ede       0x34 CMakeFiles/roboticarm.dir/C_/Users/thedy/.pico-sdk/sdk/1.5.1/src/common/pico_util/pheap.c.obj
                0x10001ede                ph_clear
 .text.ph_post_alloc_init
                0x10001f12        0xe CMakeFiles/roboticarm.dir/C_/Users/thedy/.pico-sdk/sdk/1.5.1/src/common/pico_util/pheap.c.obj
                0x10001f12                ph_post_alloc_init
 .text.ph_merge_two_pass
                0x10001f20       0x5c CMakeFiles/roboticarm.dir/C_/Users/thedy/.pico-sdk/sdk/1.5.1/src/common/pico_util/pheap.c.obj
                0x10001f20                ph_merge_two_pass
 .text.ph_remove_any_head
                0x10001f7c       0xc0 CMakeFiles/roboticarm.dir/C_/Users/thedy/.pico-sdk/sdk/1.5.1/src/common/pico_util/pheap.c.obj
 .text.ph_remove_head
                0x1000203c       0x14 CMakeFiles/roboticarm.dir/C_/Users/thedy/.pico-sdk/sdk/1.5.1/src/common/pico_util/pheap.c.obj
                0x1000203c                ph_remove_head
 .text.ph_remove_and_free_node
                0x10002050       0xa0 CMakeFiles/roboticarm.dir/C_/Users/thedy/.pico-sdk/sdk/1.5.1/src/common/pico_util/pheap.c.obj
                0x10002050                ph_remove_and_free_node
 .text.clock_configure
                0x100020f0      0x108 CMakeFiles/roboticarm.dir/C_/Users/thedy/.pico-sdk/sdk/1.5.1/src/rp2_common/hardware_clocks/clocks.c.obj
                0x100020f0                clock_configure
 .text.clocks_init
                0x100021f8      0x100 CMakeFiles/roboticarm.dir/C_/Users/thedy/.pico-sdk/sdk/1.5.1/src/rp2_common/hardware_clocks/clocks.c.obj
                0x100021f8                clocks_init
 .text.clock_get_hz
                0x100022f8        0xc CMakeFiles/roboticarm.dir/C_/Users/thedy/.pico-sdk/sdk/1.5.1/src/rp2_common/hardware_clocks/clocks.c.obj
                0x100022f8                clock_get_hz
 .text.pll_init
                0x10002304      0x120 CMakeFiles/roboticarm.dir/C_/Users/thedy/.pico-sdk/sdk/1.5.1/src/rp2_common/hardware_pll/pll.c.obj
                0x10002304                pll_init
 .text.watchdog_start_tick
                0x10002424       0x10 CMakeFiles/roboticarm.dir/C_/Users/thedy/.pico-sdk/sdk/1.5.1/src/rp2_common/hardware_watchdog/watchdog.c.obj
                0x10002424                watchdog_start_tick
 .text.watchdog_update
                0x10002434       0x14 CMakeFiles/roboticarm.dir/C_/Users/thedy/.pico-sdk/sdk/1.5.1/src/rp2_common/hardware_watchdog/watchdog.c.obj
                0x10002434                watchdog_update
 .text._watchdog_enable
                0x10002448       0x78 CMakeFiles/roboticarm.dir/C_/Users/thedy/.pico-sdk/sdk/1.5.1/src/rp2_common/hardware_watchdog/watchdog.c.obj
                0x10002448                _watchdog_enable
 .text.watchdog_reboot
                0x100024c0       0x48 CMakeFiles/roboticarm.dir/C_/Users/thedy/.pico-sdk/sdk/1.5.1/src/rp2_common/hardware_watchdog/watchdog.c.obj
                0x100024c0                watchdog_reboot
 .text.xosc_init
                0x10002508       0x28 CMakeFiles/roboticarm.dir/C_/Users/thedy/.pico-sdk/sdk/1.5.1/src/rp2_common/hardware_xosc/xosc.c.obj
                0x10002508                xosc_init
 .text._exit    0x10002530        0x4 CMakeFiles/roboticarm.dir/C_/Users/thedy/.pico-sdk/sdk/1.5.1/src/rp2_common/pico_runtime/runtime.c.obj
                0x10002530                _exit
 .text._sbrk    0x10002534       0x38 CMakeFiles/roboticarm.dir/C_/Users/thedy/.pico-sdk/sdk/1.5.1/src/rp2_common/pico_runtime/runtime.c.obj
                0x10002534                _sbrk
 .text.exit     0x1000256c        0x6 CMakeFiles/roboticarm.dir/C_/Users/thedy/.pico-sdk/sdk/1.5.1/src/rp2_common/pico_runtime/runtime.c.obj
                0x1000256c                exit
 *fill*         0x10002572        0x2 
 .text.__assert_func
                0x10002574       0x38 CMakeFiles/roboticarm.dir/C_/Users/thedy/.pico-sdk/sdk/1.5.1/src/rp2_common/pico_runtime/runtime.c.obj
                0x10002574                __assert_func
 .text.runtime_init
                0x100025ac       0xf8 CMakeFiles/roboticarm.dir/C_/Users/thedy/.pico-sdk/sdk/1.5.1/src/rp2_common/pico_runtime/runtime.c.obj
                0x100025ac                runtime_init
 .text.panic    0x100026a4       0x30 CMakeFiles/roboticarm.dir/C_/Users/thedy/.pico-sdk/sdk/1.5.1/src/rp2_common/pico_runtime/runtime.c.obj
                0x100026a4                panic
 .text._out_buffer
                0x100026d4        0x8 CMakeFiles/roboticarm.dir/C_/Users/thedy/.pico-sdk/sdk/1.5.1/src/rp2_common/pico_printf/printf.c.obj
 .text._out_null
                0x100026dc        0x2 CMakeFiles/roboticarm.dir/C_/Users/thedy/.pico-sdk/sdk/1.5.1/src/rp2_common/pico_printf/printf.c.obj
 .text._out_fct
                0x100026de        0xe CMakeFiles/roboticarm.dir/C_/Users/thedy/.pico-sdk/sdk/1.5.1/src/rp2_common/pico_printf/printf.c.obj
 .text._atoi    0x100026ec       0x24 CMakeFiles/roboticarm.dir/C_/Users/thedy/.pico-sdk/sdk/1.5.1/src/rp2_common/pico_printf/printf.c.obj
 .text._out_rev
                0x10002710       0xae CMakeFiles/roboticarm.dir/C_/Users/thedy/.pico-sdk/sdk/1.5.1/src/rp2_common/pico_printf/printf.c.obj
 .text._ntoa_format
                0x100027be      0x110 CMakeFiles/roboticarm.dir/C_/Users/thedy/.pico-sdk/sdk/1.5.1/src/rp2_common/pico_printf/printf.c.obj
 .text._ntoa_long
                0x100028ce       0xbc CMakeFiles/roboticarm.dir/C_/Users/thedy/.pico-sdk/sdk/1.5.1/src/rp2_common/pico_printf/printf.c.obj
 .text._ntoa_long_long
                0x1000298a      0x10e CMakeFiles/roboticarm.dir/C_/Users/thedy/.pico-sdk/sdk/1.5.1/src/rp2_common/pico_printf/printf.c.obj
 .text._etoa    0x10002a98      0x420 CMakeFiles/roboticarm.dir/C_/Users/thedy/.pico-sdk/sdk/1.5.1/src/rp2_common/pico_printf/printf.c.obj
 .text._ftoa    0x10002eb8      0x354 CMakeFiles/roboticarm.dir/C_/Users/thedy/.pico-sdk/sdk/1.5.1/src/rp2_common/pico_printf/printf.c.obj
 .text._vsnprintf
                0x1000320c      0x668 CMakeFiles/roboticarm.dir/C_/Users/thedy/.pico-sdk/sdk/1.5.1/src/rp2_common/pico_printf/printf.c.obj
 .text.__wrap_sprintf
                0x10003874       0x2c CMakeFiles/roboticarm.dir/C_/Users/thedy/.pico-sdk/sdk/1.5.1/src/rp2_common/pico_printf/printf.c.obj
                0x10003874                __wrap_sprintf
 .text.vfctprintf
                0x100038a0       0x20 CMakeFiles/roboticarm.dir/C_/Users/thedy/.pico-sdk/sdk/1.5.1/src/rp2_common/pico_printf/printf.c.obj
                0x100038a0                vfctprintf
 .text          0x100038c0       0x10 CMakeFiles/roboticarm.dir/C_/Users/thedy/.pico-sdk/sdk/1.5.1/src/rp2_common/pico_bit_ops/bit_ops_aeabi.S.obj
 .text.rom_func_lookup
                0x100038d0       0x10 CMakeFiles/roboticarm.dir/C_/Users/thedy/.pico-sdk/sdk/1.5.1/src/rp2_common/pico_bootrom/bootrom.c.obj
                0x100038d0                rom_func_lookup
 .text.rom_data_lookup
                0x100038e0       0x10 CMakeFiles/roboticarm.dir/C_/Users/thedy/.pico-sdk/sdk/1.5.1/src/rp2_common/pico_bootrom/bootrom.c.obj
                0x100038e0                rom_data_lookup
 .text.rom_funcs_lookup
                0x100038f0       0x36 CMakeFiles/roboticarm.dir/C_/Users/thedy/.pico-sdk/sdk/1.5.1/src/rp2_common/pico_bootrom/bootrom.c.obj
                0x100038f0                rom_funcs_lookup
 *fill*         0x10003926        0x2 
 .text.__wrap___aeabi_idiv
                0x10003928       0x50 CMakeFiles/roboticarm.dir/C_/Users/thedy/.pico-sdk/sdk/1.5.1/src/rp2_common/pico_divider/divider.S.obj
                0x10003928                __wrap___aeabi_idivmod
                0x10003928                divmod_s32s32
                0x10003928                div_s32s32
                0x10003928                __wrap___aeabi_idiv
                0x10003930                divmod_s32s32_unsafe
                0x1000395c                divmod_s32s32_savestate
 .text.__wrap___aeabi_uidiv
                0x10003978       0x4c CMakeFiles/roboticarm.dir/C_/Users/thedy/.pico-sdk/sdk/1.5.1/src/rp2_common/pico_divider/divider.S.obj
                0x10003978                __wrap___aeabi_uidiv
                0x10003978                __wrap___aeabi_uidivmod
                0x10003978                div_u32u32
                0x10003978                divmod_u32u32
                0x10003980                divmod_u32u32_unsafe
                0x100039a8                divmod_u32u32_savestate
 .text.__wrap___aeabi_ldiv
                0x100039c4      0x424 CMakeFiles/roboticarm.dir/C_/Users/thedy/.pico-sdk/sdk/1.5.1/src/rp2_common/pico_divider/divider.S.obj
                0x100039c4                div_s64s64
                0x100039c4                divmod_s64s64
                0x100039c4                __wrap___aeabi_ldivmod
                0x100039f4                divmod_u64u64
                0x100039f4                div_u64u64
                0x100039f4                __wrap___aeabi_uldivmod
                0x10003a04                divmod_u64u64_savestate
                0x10003a24                divmod_s64s64_unsafe
                0x10003aac                divmod_u64u64_unsafe
 .text.__wrap___aeabi_darithmetic
                0x10003de8       0x80 CMakeFiles/roboticarm.dir/C_/Users/thedy/.pico-sdk/sdk/1.5.1/src/rp2_common/pico_double/double_aeabi.S.obj
                0x10003de8                __wrap___aeabi_drsub
                0x10003dee                __wrap___aeabi_dsub
                0x10003e00                __wrap___aeabi_dadd
                0x10003e12                __wrap___aeabi_ddiv
                0x10003e4e                __wrap___aeabi_dmul
 .text.__wrap___aeabi_cdcmple
                0x10003e68       0x6c CMakeFiles/roboticarm.dir/C_/Users/thedy/.pico-sdk/sdk/1.5.1/src/rp2_common/pico_double/double_aeabi.S.obj
                0x10003e68                __wrap___aeabi_cdrcmple
                0x10003e78                __wrap___aeabi_cdcmpeq
                0x10003e78                __wrap___aeabi_cdcmple
 .text.__wrap___aeabi_dcmpeq
                0x10003ed4       0x10 CMakeFiles/roboticarm.dir/C_/Users/thedy/.pico-sdk/sdk/1.5.1/src/rp2_common/pico_double/double_aeabi.S.obj
                0x10003ed4                __wrap___aeabi_dcmpeq
 .text.__wrap___aeabi_dcmplt
                0x10003ee4        0xc CMakeFiles/roboticarm.dir/C_/Users/thedy/.pico-sdk/sdk/1.5.1/src/rp2_common/pico_double/double_aeabi.S.obj
                0x10003ee4                __wrap___aeabi_dcmplt
 .text.__wrap___aeabi_dcmple
                0x10003ef0       0x10 CMakeFiles/roboticarm.dir/C_/Users/thedy/.pico-sdk/sdk/1.5.1/src/rp2_common/pico_double/double_aeabi.S.obj
                0x10003ef0                __wrap___aeabi_dcmple
 .text.__wrap___aeabi_dcmpge
                0x10003f00       0x10 CMakeFiles/roboticarm.dir/C_/Users/thedy/.pico-sdk/sdk/1.5.1/src/rp2_common/pico_double/double_aeabi.S.obj
                0x10003f00                __wrap___aeabi_dcmpge
 .text.__wrap___aeabi_dcmpgt
                0x10003f10        0xa CMakeFiles/roboticarm.dir/C_/Users/thedy/.pico-sdk/sdk/1.5.1/src/rp2_common/pico_double/double_aeabi.S.obj
                0x10003f10                __wrap___aeabi_dcmpgt
 .text.__wrap___aeabi_dcmpun
                0x10003f1a       0x1c CMakeFiles/roboticarm.dir/C_/Users/thedy/.pico-sdk/sdk/1.5.1/src/rp2_common/pico_double/double_aeabi.S.obj
                0x10003f1a                __wrap___aeabi_dcmpun
 *fill*         0x10003f36        0x2 
 .text.__wrap___aeabi_i2d
                0x10003f38       0x38 CMakeFiles/roboticarm.dir/C_/Users/thedy/.pico-sdk/sdk/1.5.1/src/rp2_common/pico_double/double_aeabi.S.obj
                0x10003f38                __wrap___aeabi_ui2d
                0x10003f40                __wrap___aeabi_i2d
 .text.__wrap___aeabi_d2iz
                0x10003f70       0x48 CMakeFiles/roboticarm.dir/C_/Users/thedy/.pico-sdk/sdk/1.5.1/src/rp2_common/pico_double/double_aeabi.S.obj
                0x10003f70                double2int_z
                0x10003f70                __wrap___aeabi_d2iz
 .text.__wrap___aeabi_d2uiz
                0x10003fb8       0x18 CMakeFiles/roboticarm.dir/C_/Users/thedy/.pico-sdk/sdk/1.5.1/src/rp2_common/pico_double/double_aeabi.S.obj
                0x10003fb8                __wrap___aeabi_d2uiz
                0x10003fb8                double2uint
 .text.__wrap___aeabi_l2d
                0x10003fd0       0x18 CMakeFiles/roboticarm.dir/C_/Users/thedy/.pico-sdk/sdk/1.5.1/src/rp2_common/pico_double/double_aeabi.S.obj
                0x10003fd0                __wrap___aeabi_l2d
 .text.__wrap___aeabi_d2lz
                0x10003fe8       0x26 CMakeFiles/roboticarm.dir/C_/Users/thedy/.pico-sdk/sdk/1.5.1/src/rp2_common/pico_double/double_aeabi.S.obj
                0x10003fe8                double2int64_z
                0x10003fe8                __wrap___aeabi_d2lz
 *fill*         0x1000400e        0x2 
 .text.double2int64
                0x10004010       0x18 CMakeFiles/roboticarm.dir/C_/Users/thedy/.pico-sdk/sdk/1.5.1/src/rp2_common/pico_double/double_aeabi.S.obj
                0x10004010                double2int64
 .text.double2ufix64
                0x10004028       0x18 CMakeFiles/roboticarm.dir/C_/Users/thedy/.pico-sdk/sdk/1.5.1/src/rp2_common/pico_double/double_aeabi.S.obj
                0x10004028                double2ufix64
 .text.__wrap___aeabi_d2f
                0x10004040       0x18 CMakeFiles/roboticarm.dir/C_/Users/thedy/.pico-sdk/sdk/1.5.1/src/rp2_common/pico_double/double_aeabi.S.obj
                0x10004040                __wrap___aeabi_d2f
 .text.__aeabi_double_init
                0x10004058       0xcc CMakeFiles/roboticarm.dir/C_/Users/thedy/.pico-sdk/sdk/1.5.1/src/rp2_common/pico_double/double_init_rom.c.obj
                0x10004058                __aeabi_double_init
 .text.double_table_shim_on_use_helper
                0x10004124       0x34 CMakeFiles/roboticarm.dir/C_/Users/thedy/.pico-sdk/sdk/1.5.1/src/rp2_common/pico_double/double_v1_rom_shim.S.obj
                0x10004124                double_table_shim_on_use_helper
 .text.__wrap___aeabi_dsub
                0x10004158       0x10 CMakeFiles/roboticarm.dir/C_/Users/thedy/.pico-sdk/sdk/1.5.1/src/rp2_common/pico_double/double_v1_rom_shim.S.obj
                0x10004158                drsub_shim
                0x1000415e                dsub_shim
 .text.dadd_shim
                0x10004168      0x15c CMakeFiles/roboticarm.dir/C_/Users/thedy/.pico-sdk/sdk/1.5.1/src/rp2_common/pico_double/double_v1_rom_shim.S.obj
                0x10004168                dadd_shim
 .text.dmul_shim
                0x100042c4      0x15c CMakeFiles/roboticarm.dir/C_/Users/thedy/.pico-sdk/sdk/1.5.1/src/rp2_common/pico_double/double_v1_rom_shim.S.obj
                0x100042c4                dmul_shim
 .text.ddiv_shim
                0x10004420      0x1b0 CMakeFiles/roboticarm.dir/C_/Users/thedy/.pico-sdk/sdk/1.5.1/src/rp2_common/pico_double/double_v1_rom_shim.S.obj
                0x10004420                ddiv_shim
 .text.double2uint_shim
                0x100045d0        0xe CMakeFiles/roboticarm.dir/C_/Users/thedy/.pico-sdk/sdk/1.5.1/src/rp2_common/pico_double/double_v1_rom_shim.S.obj
                0x100045d0                double2uint_shim
                0x100045d2                double2ufix_shim
 .text.double2int64_shim
                0x100045de       0x1a CMakeFiles/roboticarm.dir/C_/Users/thedy/.pico-sdk/sdk/1.5.1/src/rp2_common/pico_double/double_v1_rom_shim.S.obj
                0x100045de                double2int64_shim
                0x100045e0                double2fix64_shim
 .text.double2uint64_shim
                0x100045f8       0x70 CMakeFiles/roboticarm.dir/C_/Users/thedy/.pico-sdk/sdk/1.5.1/src/rp2_common/pico_double/double_v1_rom_shim.S.obj
                0x100045f8                double2uint64_shim
                0x100045fa                double2ufix64_shim
                0x1000461a                d2fix_a
 .text.double2float_shim
                0x10004668       0x5c CMakeFiles/roboticarm.dir/C_/Users/thedy/.pico-sdk/sdk/1.5.1/src/rp2_common/pico_double/double_v1_rom_shim.S.obj
                0x10004668                double2float_shim
 .text.x2double_shims
                0x100046c4       0x90 CMakeFiles/roboticarm.dir/C_/Users/thedy/.pico-sdk/sdk/1.5.1/src/rp2_common/pico_double/double_v1_rom_shim.S.obj
                0x100046c4                uint2double_shim
                0x100046c6                ufix2double_shim
                0x100046cc                int2double_shim
                0x100046ce                fix2double_shim
                0x100046d4                uint642double_shim
                0x100046d6                ufix642double_shim
                0x100046dc                int642double_shim
                0x100046de                fix642double_shim
 .text.dunpacks
                0x10004754       0x3c CMakeFiles/roboticarm.dir/C_/Users/thedy/.pico-sdk/sdk/1.5.1/src/rp2_common/pico_double/double_v1_rom_shim.S.obj
                0x10004754                dunpacks
 .text.__aeabi_lmul
                0x10004790       0x32 CMakeFiles/roboticarm.dir/C_/Users/thedy/.pico-sdk/sdk/1.5.1/src/rp2_common/pico_int64_ops/pico_int64_ops_aeabi.S.obj
                0x10004790                __wrap___aeabi_lmul
 *fill*         0x100047c2        0x2 
 .text.__wrap___aeabi_farithmetic
                0x100047c4       0x58 CMakeFiles/roboticarm.dir/C_/Users/thedy/.pico-sdk/sdk/1.5.1/src/rp2_common/pico_float/float_aeabi.S.obj
                0x100047c4                __wrap___aeabi_frsub
                0x100047ca                __wrap___aeabi_fsub
                0x100047d4                __wrap___aeabi_fadd
                0x100047de                __wrap___aeabi_fdiv
                0x1000480a                __wrap___aeabi_fmul
 .text.__wrap___aeabi_cfcmple
                0x1000481c       0x50 CMakeFiles/roboticarm.dir/C_/Users/thedy/.pico-sdk/sdk/1.5.1/src/rp2_common/pico_float/float_aeabi.S.obj
                0x1000481c                __wrap___aeabi_cfrcmple
                0x10004828                __wrap___aeabi_cfcmple
                0x10004828                __wrap___aeabi_cfcmpeq
 .text.__wrap___aeabi_fcmplt
                0x1000486c        0xc CMakeFiles/roboticarm.dir/C_/Users/thedy/.pico-sdk/sdk/1.5.1/src/rp2_common/pico_float/float_aeabi.S.obj
                0x1000486c                __wrap___aeabi_fcmplt
 .text.__wrap___aeabi_fcmpgt
                0x10004878        0xa CMakeFiles/roboticarm.dir/C_/Users/thedy/.pico-sdk/sdk/1.5.1/src/rp2_common/pico_float/float_aeabi.S.obj
                0x10004878                __wrap___aeabi_fcmpgt
 .text.__wrap___aeabi_ui2f
                0x10004882        0xa CMakeFiles/roboticarm.dir/C_/Users/thedy/.pico-sdk/sdk/1.5.1/src/rp2_common/pico_float/float_aeabi.S.obj
                0x10004882                __wrap___aeabi_ui2f
 .text.__wrap___aeabi_i2f
                0x1000488c       0x44 CMakeFiles/roboticarm.dir/C_/Users/thedy/.pico-sdk/sdk/1.5.1/src/rp2_common/pico_float/float_aeabi.S.obj
                0x1000488c                __wrap___aeabi_i2f
 .text.__wrap___aeabi_f2iz
                0x100048d0       0x4e CMakeFiles/roboticarm.dir/C_/Users/thedy/.pico-sdk/sdk/1.5.1/src/rp2_common/pico_float/float_aeabi.S.obj
                0x100048d0                float2int_z
                0x100048d0                __wrap___aeabi_f2iz
 *fill*         0x1000491e        0x2 
 .text.float2int
                0x10004920       0x14 CMakeFiles/roboticarm.dir/C_/Users/thedy/.pico-sdk/sdk/1.5.1/src/rp2_common/pico_float/float_aeabi.S.obj
                0x10004920                float2int
 .text.__wrap___aeabi_f2uiz
                0x10004934       0x10 CMakeFiles/roboticarm.dir/C_/Users/thedy/.pico-sdk/sdk/1.5.1/src/rp2_common/pico_float/float_aeabi.S.obj
                0x10004934                __wrap___aeabi_f2uiz
 .text.__wrap___aeabi_f2d
                0x10004944       0x14 CMakeFiles/roboticarm.dir/C_/Users/thedy/.pico-sdk/sdk/1.5.1/src/rp2_common/pico_float/float_aeabi.S.obj
                0x10004944                __wrap___aeabi_f2d
 .text.__aeabi_float_init
                0x10004958       0xfc CMakeFiles/roboticarm.dir/C_/Users/thedy/.pico-sdk/sdk/1.5.1/src/rp2_common/pico_float/float_init_rom.c.obj
                0x10004958                __aeabi_float_init
 .text.float_table_shim_on_use_helper
                0x10004a54       0x34 CMakeFiles/roboticarm.dir/C_/Users/thedy/.pico-sdk/sdk/1.5.1/src/rp2_common/pico_float/float_v1_rom_shim.S.obj
                0x10004a54                float_table_shim_on_use_helper
 .text.float232_shims
                0x10004a88       0x18 CMakeFiles/roboticarm.dir/C_/Users/thedy/.pico-sdk/sdk/1.5.1/src/rp2_common/pico_float/float_v1_rom_shim.S.obj
                0x10004a88                float2int_shim
                0x10004a8a                float2fix_shim
 .text.float2double_shim
                0x10004aa0       0x30 CMakeFiles/roboticarm.dir/C_/Users/thedy/.pico-sdk/sdk/1.5.1/src/rp2_common/pico_float/float_v1_rom_shim.S.obj
                0x10004aa0                float2double_shim
 .text.check_alloc
                0x10004ad0       0x20 CMakeFiles/roboticarm.dir/C_/Users/thedy/.pico-sdk/sdk/1.5.1/src/rp2_common/pico_malloc/pico_malloc.c.obj
 .text.__wrap_malloc
                0x10004af0       0x2c CMakeFiles/roboticarm.dir/C_/Users/thedy/.pico-sdk/sdk/1.5.1/src/rp2_common/pico_malloc/pico_malloc.c.obj
                0x10004af0                __wrap_malloc
 .text.__wrap_realloc
                0x10004b1c       0x30 CMakeFiles/roboticarm.dir/C_/Users/thedy/.pico-sdk/sdk/1.5.1/src/rp2_common/pico_malloc/pico_malloc.c.obj
                0x10004b1c                __wrap_realloc
 .text.__wrap_free
                0x10004b4c       0x20 CMakeFiles/roboticarm.dir/C_/Users/thedy/.pico-sdk/sdk/1.5.1/src/rp2_common/pico_malloc/pico_malloc.c.obj
                0x10004b4c                __wrap_free
 .text          0x10004b6c       0x10 CMakeFiles/roboticarm.dir/C_/Users/thedy/.pico-sdk/sdk/1.5.1/src/rp2_common/pico_mem_ops/mem_ops_aeabi.S.obj
                0x10004b6c                __aeabi_mem_init
 .text.memset   0x10004b7c        0xc CMakeFiles/roboticarm.dir/C_/Users/thedy/.pico-sdk/sdk/1.5.1/src/rp2_common/pico_mem_ops/mem_ops_aeabi.S.obj
                0x10004b7c                __wrap_memset
 .text.memcpy   0x10004b88        0xc CMakeFiles/roboticarm.dir/C_/Users/thedy/.pico-sdk/sdk/1.5.1/src/rp2_common/pico_mem_ops/mem_ops_aeabi.S.obj
                0x10004b88                __wrap_memcpy
                0x10004b88                __wrap___aeabi_memcpy
 .text.time_reached
                0x10004b94       0x28 CMakeFiles/roboticarm.dir/C_/Users/thedy/.pico-sdk/sdk/1.5.1/src/rp2_common/pico_stdio/stdio.c.obj
 .text.stdio_out_chars_no_crlf
                0x10004bbc        0xe CMakeFiles/roboticarm.dir/C_/Users/thedy/.pico-sdk/sdk/1.5.1/src/rp2_common/pico_stdio/stdio.c.obj
 *fill*         0x10004bca        0x2 
 .text.stdio_out_chars_crlf
                0x10004bcc       0x80 CMakeFiles/roboticarm.dir/C_/Users/thedy/.pico-sdk/sdk/1.5.1/src/rp2_common/pico_stdio/stdio.c.obj
 .text.stdio_stack_buffer_flush
                0x10004c4c       0x44 CMakeFiles/roboticarm.dir/C_/Users/thedy/.pico-sdk/sdk/1.5.1/src/rp2_common/pico_stdio/stdio.c.obj
 .text.stdio_buffered_printer
                0x10004c90       0x20 CMakeFiles/roboticarm.dir/C_/Users/thedy/.pico-sdk/sdk/1.5.1/src/rp2_common/pico_stdio/stdio.c.obj
 .text.update_us_since_boot
                0x10004cb0       0x24 CMakeFiles/roboticarm.dir/C_/Users/thedy/.pico-sdk/sdk/1.5.1/src/rp2_common/pico_stdio/stdio.c.obj
 .text.get_absolute_time
                0x10004cd4       0x22 CMakeFiles/roboticarm.dir/C_/Users/thedy/.pico-sdk/sdk/1.5.1/src/rp2_common/pico_stdio/stdio.c.obj
 *fill*         0x10004cf6        0x2 
 .text.delayed_by_ms
                0x10004cf8       0x44 CMakeFiles/roboticarm.dir/C_/Users/thedy/.pico-sdk/sdk/1.5.1/src/rp2_common/pico_stdio/stdio.c.obj
 .text.make_timeout_time_ms
                0x10004d3c       0x20 CMakeFiles/roboticarm.dir/C_/Users/thedy/.pico-sdk/sdk/1.5.1/src/rp2_common/pico_stdio/stdio.c.obj
 .text.stdio_get_until
                0x10004d5c       0x64 CMakeFiles/roboticarm.dir/C_/Users/thedy/.pico-sdk/sdk/1.5.1/src/rp2_common/pico_stdio/stdio.c.obj
 .text.stdout_serialize_begin
                0x10004dc0       0x20 CMakeFiles/roboticarm.dir/C_/Users/thedy/.pico-sdk/sdk/1.5.1/src/rp2_common/pico_stdio/stdio.c.obj
                0x10004dc0                stdout_serialize_begin
 .text.stdout_serialize_end
                0x10004de0       0x10 CMakeFiles/roboticarm.dir/C_/Users/thedy/.pico-sdk/sdk/1.5.1/src/rp2_common/pico_stdio/stdio.c.obj
                0x10004de0                stdout_serialize_end
 .text.stdio_put_string
                0x10004df0       0x98 CMakeFiles/roboticarm.dir/C_/Users/thedy/.pico-sdk/sdk/1.5.1/src/rp2_common/pico_stdio/stdio.c.obj
 .text._read    0x10004e88       0x24 CMakeFiles/roboticarm.dir/C_/Users/thedy/.pico-sdk/sdk/1.5.1/src/rp2_common/pico_stdio/stdio.c.obj
                0x10004e88                _read
 .text._write   0x10004eac       0x22 CMakeFiles/roboticarm.dir/C_/Users/thedy/.pico-sdk/sdk/1.5.1/src/rp2_common/pico_stdio/stdio.c.obj
                0x10004eac                _write
 .text._close   0x10004ece        0x6 CMakeFiles/roboticarm.dir/C_/Users/thedy/.pico-sdk/sdk/1.5.1/src/rp2_common/pico_stdio/stdio.c.obj
                0x10004ece                _close
 .text._lseek   0x10004ed4        0x6 CMakeFiles/roboticarm.dir/C_/Users/thedy/.pico-sdk/sdk/1.5.1/src/rp2_common/pico_stdio/stdio.c.obj
                0x10004ed4                _lseek
 .text._fstat   0x10004eda        0x6 CMakeFiles/roboticarm.dir/C_/Users/thedy/.pico-sdk/sdk/1.5.1/src/rp2_common/pico_stdio/stdio.c.obj
                0x10004eda                _fstat
 .text._isatty  0x10004ee0        0xc CMakeFiles/roboticarm.dir/C_/Users/thedy/.pico-sdk/sdk/1.5.1/src/rp2_common/pico_stdio/stdio.c.obj
                0x10004ee0                _isatty
 .text.stdio_set_driver_enabled
                0x10004eec       0x2c CMakeFiles/roboticarm.dir/C_/Users/thedy/.pico-sdk/sdk/1.5.1/src/rp2_common/pico_stdio/stdio.c.obj
                0x10004eec                stdio_set_driver_enabled
 .text.stdio_flush
                0x10004f18       0x20 CMakeFiles/roboticarm.dir/C_/Users/thedy/.pico-sdk/sdk/1.5.1/src/rp2_common/pico_stdio/stdio.c.obj
                0x10004f18                stdio_flush
 .text.__wrap_puts
                0x10004f38       0x1e CMakeFiles/roboticarm.dir/C_/Users/thedy/.pico-sdk/sdk/1.5.1/src/rp2_common/pico_stdio/stdio.c.obj
                0x10004f38                __wrap_puts
 *fill*         0x10004f56        0x2 
 .text.__wrap_vprintf
                0x10004f58       0x40 CMakeFiles/roboticarm.dir/C_/Users/thedy/.pico-sdk/sdk/1.5.1/src/rp2_common/pico_stdio/stdio.c.obj
                0x10004f58                __wrap_vprintf
 .text.__wrap_printf
                0x10004f98       0x18 CMakeFiles/roboticarm.dir/C_/Users/thedy/.pico-sdk/sdk/1.5.1/src/rp2_common/pico_stdio/stdio.c.obj
                0x10004f98                __wrap_printf
 .text.stdio_init_all
                0x10004fb0        0x8 CMakeFiles/roboticarm.dir/C_/Users/thedy/.pico-sdk/sdk/1.5.1/src/rp2_common/pico_stdio/stdio.c.obj
                0x10004fb0                stdio_init_all
 .text.resetd_init
                0x10004fb8        0x2 CMakeFiles/roboticarm.dir/C_/Users/thedy/.pico-sdk/sdk/1.5.1/src/rp2_common/pico_stdio_usb/reset_interface.c.obj
 *fill*         0x10004fba        0x2 
 .text.resetd_reset
                0x10004fbc        0xc CMakeFiles/roboticarm.dir/C_/Users/thedy/.pico-sdk/sdk/1.5.1/src/rp2_common/pico_stdio_usb/reset_interface.c.obj
 .text.resetd_open
                0x10004fc8       0x34 CMakeFiles/roboticarm.dir/C_/Users/thedy/.pico-sdk/sdk/1.5.1/src/rp2_common/pico_stdio_usb/reset_interface.c.obj
 .text.resetd_xfer_cb
                0x10004ffc        0x4 CMakeFiles/roboticarm.dir/C_/Users/thedy/.pico-sdk/sdk/1.5.1/src/rp2_common/pico_stdio_usb/reset_interface.c.obj
 .text.reset_usb_boot
                0x10005000       0x18 CMakeFiles/roboticarm.dir/C_/Users/thedy/.pico-sdk/sdk/1.5.1/src/rp2_common/pico_stdio_usb/reset_interface.c.obj
 .text.resetd_control_xfer_cb
                0x10005018       0x5c CMakeFiles/roboticarm.dir/C_/Users/thedy/.pico-sdk/sdk/1.5.1/src/rp2_common/pico_stdio_usb/reset_interface.c.obj
 .text.usbd_app_driver_get_cb
                0x10005074        0xc CMakeFiles/roboticarm.dir/C_/Users/thedy/.pico-sdk/sdk/1.5.1/src/rp2_common/pico_stdio_usb/reset_interface.c.obj
                0x10005074                usbd_app_driver_get_cb
 .text.tud_cdc_line_coding_cb
                0x10005080       0x28 CMakeFiles/roboticarm.dir/C_/Users/thedy/.pico-sdk/sdk/1.5.1/src/rp2_common/pico_stdio_usb/reset_interface.c.obj
                0x10005080                tud_cdc_line_coding_cb
 .text.stdio_usb_set_chars_available_callback
                0x100050a8       0x14 CMakeFiles/roboticarm.dir/C_/Users/thedy/.pico-sdk/sdk/1.5.1/src/rp2_common/pico_stdio_usb/stdio_usb.c.obj
                0x100050a8                stdio_usb_set_chars_available_callback
 .text.update_us_since_boot
                0x100050bc       0x24 CMakeFiles/roboticarm.dir/C_/Users/thedy/.pico-sdk/sdk/1.5.1/src/rp2_common/pico_stdio_usb/stdio_usb.c.obj
 .text.get_absolute_time
                0x100050e0       0x22 CMakeFiles/roboticarm.dir/C_/Users/thedy/.pico-sdk/sdk/1.5.1/src/rp2_common/pico_stdio_usb/stdio_usb.c.obj
 *fill*         0x10005102        0x2 
 .text.delayed_by_ms
                0x10005104       0x44 CMakeFiles/roboticarm.dir/C_/Users/thedy/.pico-sdk/sdk/1.5.1/src/rp2_common/pico_stdio_usb/stdio_usb.c.obj
 .text.make_timeout_time_ms
                0x10005148       0x20 CMakeFiles/roboticarm.dir/C_/Users/thedy/.pico-sdk/sdk/1.5.1/src/rp2_common/pico_stdio_usb/stdio_usb.c.obj
 .text.delayed_by_us
                0x10005168       0x34 CMakeFiles/roboticarm.dir/C_/Users/thedy/.pico-sdk/sdk/1.5.1/src/rp2_common/pico_stdio_usb/stdio_usb.c.obj
 .text.usb_irq  0x1000519c       0x10 CMakeFiles/roboticarm.dir/C_/Users/thedy/.pico-sdk/sdk/1.5.1/src/rp2_common/pico_stdio_usb/stdio_usb.c.obj
 .text.critical_section_enter_blocking
                0x100051ac       0x16 CMakeFiles/roboticarm.dir/C_/Users/thedy/.pico-sdk/sdk/1.5.1/src/rp2_common/pico_stdio_usb/stdio_usb.c.obj
 *fill*         0x100051c2        0x2 
 .text.timer_task
                0x100051c4       0x4c CMakeFiles/roboticarm.dir/C_/Users/thedy/.pico-sdk/sdk/1.5.1/src/rp2_common/pico_stdio_usb/stdio_usb.c.obj
 .text.alarm_pool_add_alarm_in_us
                0x10005210       0x3a CMakeFiles/roboticarm.dir/C_/Users/thedy/.pico-sdk/sdk/1.5.1/src/rp2_common/pico_stdio_usb/stdio_usb.c.obj
 .text.add_alarm_in_us
                0x1000524a       0x2e CMakeFiles/roboticarm.dir/C_/Users/thedy/.pico-sdk/sdk/1.5.1/src/rp2_common/pico_stdio_usb/stdio_usb.c.obj
 .text.low_priority_worker_irq
                0x10005278       0x7c CMakeFiles/roboticarm.dir/C_/Users/thedy/.pico-sdk/sdk/1.5.1/src/rp2_common/pico_stdio_usb/stdio_usb.c.obj
 .text.tud_cdc_rx_cb
                0x100052f4       0x20 CMakeFiles/roboticarm.dir/C_/Users/thedy/.pico-sdk/sdk/1.5.1/src/rp2_common/pico_stdio_usb/stdio_usb.c.obj
                0x100052f4                tud_cdc_rx_cb
 .text.stdio_usb_init
                0x10005314       0xd0 CMakeFiles/roboticarm.dir/C_/Users/thedy/.pico-sdk/sdk/1.5.1/src/rp2_common/pico_stdio_usb/stdio_usb.c.obj
                0x10005314                stdio_usb_init
 .text.stdio_usb_connected
                0x100053e4        0xa CMakeFiles/roboticarm.dir/C_/Users/thedy/.pico-sdk/sdk/1.5.1/src/rp2_common/pico_stdio_usb/stdio_usb.c.obj
                0x100053e4                stdio_usb_connected
 *fill*         0x100053ee        0x2 
 .text.stdio_usb_in_chars
                0x100053f0       0x88 CMakeFiles/roboticarm.dir/C_/Users/thedy/.pico-sdk/sdk/1.5.1/src/rp2_common/pico_stdio_usb/stdio_usb.c.obj
                0x100053f0                stdio_usb_in_chars
 .text.stdio_usb_out_chars
                0x10005478       0xd8 CMakeFiles/roboticarm.dir/C_/Users/thedy/.pico-sdk/sdk/1.5.1/src/rp2_common/pico_stdio_usb/stdio_usb.c.obj
 .text.tud_descriptor_device_cb
                0x10005550        0x8 CMakeFiles/roboticarm.dir/C_/Users/thedy/.pico-sdk/sdk/1.5.1/src/rp2_common/pico_stdio_usb/stdio_usb_descriptors.c.obj
                0x10005550                tud_descriptor_device_cb
 .text.tud_descriptor_configuration_cb
                0x10005558        0x8 CMakeFiles/roboticarm.dir/C_/Users/thedy/.pico-sdk/sdk/1.5.1/src/rp2_common/pico_stdio_usb/stdio_usb_descriptors.c.obj
                0x10005558                tud_descriptor_configuration_cb
 .text.tud_descriptor_string_cb
                0x10005560       0x6c CMakeFiles/roboticarm.dir/C_/Users/thedy/.pico-sdk/sdk/1.5.1/src/rp2_common/pico_stdio_usb/stdio_usb_descriptors.c.obj
                0x10005560                tud_descriptor_string_cb
 .text._retrieve_unique_id_on_boot
                0x100055cc       0x10 CMakeFiles/roboticarm.dir/C_/Users/thedy/.pico-sdk/sdk/1.5.1/src/rp2_common/pico_unique_id/unique_id.c.obj
 .text.pico_get_unique_board_id_string
                0x100055dc       0x5c CMakeFiles/roboticarm.dir/C_/Users/thedy/.pico-sdk/sdk/1.5.1/src/rp2_common/pico_unique_id/unique_id.c.obj
                0x100055dc                pico_get_unique_board_id_string
 .text.flash_get_unique_id
                0x10005638       0x40 CMakeFiles/roboticarm.dir/C_/Users/thedy/.pico-sdk/sdk/1.5.1/src/rp2_common/hardware_flash/flash.c.obj
                0x10005638                flash_get_unique_id
 .text.hw_endpoint_get_by_addr
                0x10005678       0x18 CMakeFiles/roboticarm.dir/C_/Users/thedy/.pico-sdk/sdk/1.5.1/lib/tinyusb/src/portable/raspberrypi/rp2040/dcd_rp2040.c.obj
 .text._hw_endpoint_alloc
                0x10005690       0x70 CMakeFiles/roboticarm.dir/C_/Users/thedy/.pico-sdk/sdk/1.5.1/lib/tinyusb/src/portable/raspberrypi/rp2040/dcd_rp2040.c.obj
 .text.hw_endpoint_init
                0x10005700       0x88 CMakeFiles/roboticarm.dir/C_/Users/thedy/.pico-sdk/sdk/1.5.1/lib/tinyusb/src/portable/raspberrypi/rp2040/dcd_rp2040.c.obj
 .text.dcd_event_sof
                0x10005788       0x2c CMakeFiles/roboticarm.dir/C_/Users/thedy/.pico-sdk/sdk/1.5.1/lib/tinyusb/src/portable/raspberrypi/rp2040/dcd_rp2040.c.obj
 .text.hw_endpoint_xfer
                0x100057b4       0x14 CMakeFiles/roboticarm.dir/C_/Users/thedy/.pico-sdk/sdk/1.5.1/lib/tinyusb/src/portable/raspberrypi/rp2040/dcd_rp2040.c.obj
 .text.dcd_int_enable
                0x100057c8       0x2c CMakeFiles/roboticarm.dir/C_/Users/thedy/.pico-sdk/sdk/1.5.1/lib/tinyusb/src/portable/raspberrypi/rp2040/dcd_rp2040.c.obj
                0x100057c8                dcd_int_enable
 .text.dcd_set_address
                0x100057f4       0x2c CMakeFiles/roboticarm.dir/C_/Users/thedy/.pico-sdk/sdk/1.5.1/lib/tinyusb/src/portable/raspberrypi/rp2040/dcd_rp2040.c.obj
                0x100057f4                dcd_set_address
 .text.dcd_connect
                0x10005820       0x10 CMakeFiles/roboticarm.dir/C_/Users/thedy/.pico-sdk/sdk/1.5.1/lib/tinyusb/src/portable/raspberrypi/rp2040/dcd_rp2040.c.obj
                0x10005820                dcd_connect
 .text.dcd_init
                0x10005830       0x80 CMakeFiles/roboticarm.dir/C_/Users/thedy/.pico-sdk/sdk/1.5.1/lib/tinyusb/src/portable/raspberrypi/rp2040/dcd_rp2040.c.obj
                0x10005830                dcd_init
 .text.dcd_edpt0_status_complete
                0x100058b0       0x1c CMakeFiles/roboticarm.dir/C_/Users/thedy/.pico-sdk/sdk/1.5.1/lib/tinyusb/src/portable/raspberrypi/rp2040/dcd_rp2040.c.obj
                0x100058b0                dcd_edpt0_status_complete
 .text.dcd_edpt_open
                0x100058cc       0x40 CMakeFiles/roboticarm.dir/C_/Users/thedy/.pico-sdk/sdk/1.5.1/lib/tinyusb/src/portable/raspberrypi/rp2040/dcd_rp2040.c.obj
                0x100058cc                dcd_edpt_open
 .text.dcd_edpt_close_all
                0x1000590c        0x8 CMakeFiles/roboticarm.dir/C_/Users/thedy/.pico-sdk/sdk/1.5.1/lib/tinyusb/src/portable/raspberrypi/rp2040/dcd_rp2040.c.obj
                0x1000590c                dcd_edpt_close_all
 .text.dcd_edpt_xfer
                0x10005914       0x34 CMakeFiles/roboticarm.dir/C_/Users/thedy/.pico-sdk/sdk/1.5.1/lib/tinyusb/src/portable/raspberrypi/rp2040/dcd_rp2040.c.obj
                0x10005914                dcd_edpt_xfer
 .text.dcd_edpt_stall
                0x10005948       0x2c CMakeFiles/roboticarm.dir/C_/Users/thedy/.pico-sdk/sdk/1.5.1/lib/tinyusb/src/portable/raspberrypi/rp2040/dcd_rp2040.c.obj
                0x10005948                dcd_edpt_stall
 .text.dcd_edpt_clear_stall
                0x10005974       0x20 CMakeFiles/roboticarm.dir/C_/Users/thedy/.pico-sdk/sdk/1.5.1/lib/tinyusb/src/portable/raspberrypi/rp2040/dcd_rp2040.c.obj
                0x10005974                dcd_edpt_clear_stall
 .text.rp2040_usb_init
                0x10005994       0x4c CMakeFiles/roboticarm.dir/C_/Users/thedy/.pico-sdk/sdk/1.5.1/lib/tinyusb/src/portable/raspberrypi/rp2040/rp2040_usb.c.obj
                0x10005994                rp2040_usb_init
 .text.hw_endpoint_xfer_start
                0x100059e0       0x50 CMakeFiles/roboticarm.dir/C_/Users/thedy/.pico-sdk/sdk/1.5.1/lib/tinyusb/src/portable/raspberrypi/rp2040/rp2040_usb.c.obj
                0x100059e0                hw_endpoint_xfer_start
 .text.configuration_reset
                0x10005a30       0x84 CMakeFiles/roboticarm.dir/C_/Users/thedy/.pico-sdk/sdk/1.5.1/lib/tinyusb/src/device/usbd.c.obj
 .text.critical_section_enter_blocking
                0x10005ab4       0x16 CMakeFiles/roboticarm.dir/C_/Users/thedy/.pico-sdk/sdk/1.5.1/lib/tinyusb/src/device/usbd.c.obj
 .text.usbd_reset
                0x10005aca        0xc CMakeFiles/roboticarm.dir/C_/Users/thedy/.pico-sdk/sdk/1.5.1/lib/tinyusb/src/device/usbd.c.obj
 .text.invoke_class_control
                0x10005ad6       0x1a CMakeFiles/roboticarm.dir/C_/Users/thedy/.pico-sdk/sdk/1.5.1/lib/tinyusb/src/device/usbd.c.obj
 .text.process_set_config
                0x10005af0      0x178 CMakeFiles/roboticarm.dir/C_/Users/thedy/.pico-sdk/sdk/1.5.1/lib/tinyusb/src/device/usbd.c.obj
 .text.process_get_descriptor
                0x10005c68       0xdc CMakeFiles/roboticarm.dir/C_/Users/thedy/.pico-sdk/sdk/1.5.1/lib/tinyusb/src/device/usbd.c.obj
 .text.tud_mounted
                0x10005d44       0x10 CMakeFiles/roboticarm.dir/C_/Users/thedy/.pico-sdk/sdk/1.5.1/lib/tinyusb/src/device/usbd.c.obj
                0x10005d44                tud_mounted
 .text.tud_suspended
                0x10005d54       0x10 CMakeFiles/roboticarm.dir/C_/Users/thedy/.pico-sdk/sdk/1.5.1/lib/tinyusb/src/device/usbd.c.obj
                0x10005d54                tud_suspended
 .text.tud_inited
                0x10005d64       0x14 CMakeFiles/roboticarm.dir/C_/Users/thedy/.pico-sdk/sdk/1.5.1/lib/tinyusb/src/device/usbd.c.obj
                0x10005d64                tud_inited
 .text.tud_init
                0x10005d78       0xcc CMakeFiles/roboticarm.dir/C_/Users/thedy/.pico-sdk/sdk/1.5.1/lib/tinyusb/src/device/usbd.c.obj
                0x10005d78                tud_init
 .text.usbd_defer_func
                0x10005e44       0x2a CMakeFiles/roboticarm.dir/C_/Users/thedy/.pico-sdk/sdk/1.5.1/lib/tinyusb/src/device/usbd.c.obj
                0x10005e44                usbd_defer_func
 *fill*         0x10005e6e        0x2 
 .text.usbd_edpt_open
                0x10005e70       0x34 CMakeFiles/roboticarm.dir/C_/Users/thedy/.pico-sdk/sdk/1.5.1/lib/tinyusb/src/device/usbd.c.obj
                0x10005e70                usbd_edpt_open
 .text.usbd_open_edpt_pair
                0x10005ea4       0x62 CMakeFiles/roboticarm.dir/C_/Users/thedy/.pico-sdk/sdk/1.5.1/lib/tinyusb/src/device/usbd.c.obj
                0x10005ea4                usbd_open_edpt_pair
 *fill*         0x10005f06        0x2 
 .text.usbd_edpt_claim
                0x10005f08       0x28 CMakeFiles/roboticarm.dir/C_/Users/thedy/.pico-sdk/sdk/1.5.1/lib/tinyusb/src/device/usbd.c.obj
                0x10005f08                usbd_edpt_claim
 .text.usbd_edpt_release
                0x10005f30       0x28 CMakeFiles/roboticarm.dir/C_/Users/thedy/.pico-sdk/sdk/1.5.1/lib/tinyusb/src/device/usbd.c.obj
                0x10005f30                usbd_edpt_release
 .text.usbd_edpt_xfer
                0x10005f58       0x78 CMakeFiles/roboticarm.dir/C_/Users/thedy/.pico-sdk/sdk/1.5.1/lib/tinyusb/src/device/usbd.c.obj
                0x10005f58                usbd_edpt_xfer
 .text.usbd_edpt_stall
                0x10005fd0       0x48 CMakeFiles/roboticarm.dir/C_/Users/thedy/.pico-sdk/sdk/1.5.1/lib/tinyusb/src/device/usbd.c.obj
                0x10005fd0                usbd_edpt_stall
 .text.usbd_edpt_clear_stall
                0x10006018       0x48 CMakeFiles/roboticarm.dir/C_/Users/thedy/.pico-sdk/sdk/1.5.1/lib/tinyusb/src/device/usbd.c.obj
                0x10006018                usbd_edpt_clear_stall
 .text.usbd_edpt_stalled
                0x10006060       0x1c CMakeFiles/roboticarm.dir/C_/Users/thedy/.pico-sdk/sdk/1.5.1/lib/tinyusb/src/device/usbd.c.obj
                0x10006060                usbd_edpt_stalled
 .text.process_control_request
                0x1000607c      0x374 CMakeFiles/roboticarm.dir/C_/Users/thedy/.pico-sdk/sdk/1.5.1/lib/tinyusb/src/device/usbd.c.obj
 .text.tud_task_ext
                0x100063f0      0x1a8 CMakeFiles/roboticarm.dir/C_/Users/thedy/.pico-sdk/sdk/1.5.1/lib/tinyusb/src/device/usbd.c.obj
                0x100063f0                tud_task_ext
 .text._status_stage_xact
                0x10006598       0x1a CMakeFiles/roboticarm.dir/C_/Users/thedy/.pico-sdk/sdk/1.5.1/lib/tinyusb/src/device/usbd_control.c.obj
 *fill*         0x100065b2        0x2 
 .text._data_stage_xact
                0x100065b4       0x58 CMakeFiles/roboticarm.dir/C_/Users/thedy/.pico-sdk/sdk/1.5.1/lib/tinyusb/src/device/usbd_control.c.obj
 .text.tud_control_status
                0x1000660c       0x28 CMakeFiles/roboticarm.dir/C_/Users/thedy/.pico-sdk/sdk/1.5.1/lib/tinyusb/src/device/usbd_control.c.obj
                0x1000660c                tud_control_status
 .text.tud_control_xfer
                0x10006634       0x68 CMakeFiles/roboticarm.dir/C_/Users/thedy/.pico-sdk/sdk/1.5.1/lib/tinyusb/src/device/usbd_control.c.obj
                0x10006634                tud_control_xfer
 .text.usbd_control_reset
                0x1000669c       0x14 CMakeFiles/roboticarm.dir/C_/Users/thedy/.pico-sdk/sdk/1.5.1/lib/tinyusb/src/device/usbd_control.c.obj
                0x1000669c                usbd_control_reset
 .text.usbd_control_set_complete_callback
                0x100066b0        0xc CMakeFiles/roboticarm.dir/C_/Users/thedy/.pico-sdk/sdk/1.5.1/lib/tinyusb/src/device/usbd_control.c.obj
                0x100066b0                usbd_control_set_complete_callback
 .text.usbd_control_set_request
                0x100066bc       0x1c CMakeFiles/roboticarm.dir/C_/Users/thedy/.pico-sdk/sdk/1.5.1/lib/tinyusb/src/device/usbd_control.c.obj
                0x100066bc                usbd_control_set_request
 .text.usbd_control_xfer_cb
                0x100066d8       0xbc CMakeFiles/roboticarm.dir/C_/Users/thedy/.pico-sdk/sdk/1.5.1/lib/tinyusb/src/device/usbd_control.c.obj
                0x100066d8                usbd_control_xfer_cb
 .text._prep_out_transaction
                0x10006794       0x4a CMakeFiles/roboticarm.dir/C_/Users/thedy/.pico-sdk/sdk/1.5.1/lib/tinyusb/src/class/cdc/cdc_device.c.obj
 *fill*         0x100067de        0x2 
 .text.tud_cdc_n_connected
                0x100067e0       0x38 CMakeFiles/roboticarm.dir/C_/Users/thedy/.pico-sdk/sdk/1.5.1/lib/tinyusb/src/class/cdc/cdc_device.c.obj
                0x100067e0                tud_cdc_n_connected
 .text.tud_cdc_n_available
                0x10006818       0x18 CMakeFiles/roboticarm.dir/C_/Users/thedy/.pico-sdk/sdk/1.5.1/lib/tinyusb/src/class/cdc/cdc_device.c.obj
                0x10006818                tud_cdc_n_available
 .text.tud_cdc_n_read
                0x10006830       0x28 CMakeFiles/roboticarm.dir/C_/Users/thedy/.pico-sdk/sdk/1.5.1/lib/tinyusb/src/class/cdc/cdc_device.c.obj
                0x10006830                tud_cdc_n_read
 .text.tud_cdc_n_write_flush
                0x10006858       0xb8 CMakeFiles/roboticarm.dir/C_/Users/thedy/.pico-sdk/sdk/1.5.1/lib/tinyusb/src/class/cdc/cdc_device.c.obj
                0x10006858                tud_cdc_n_write_flush
 .text.tud_cdc_n_write
                0x10006910       0x38 CMakeFiles/roboticarm.dir/C_/Users/thedy/.pico-sdk/sdk/1.5.1/lib/tinyusb/src/class/cdc/cdc_device.c.obj
                0x10006910                tud_cdc_n_write
 .text.tud_cdc_n_write_available
                0x10006948       0x1c CMakeFiles/roboticarm.dir/C_/Users/thedy/.pico-sdk/sdk/1.5.1/lib/tinyusb/src/class/cdc/cdc_device.c.obj
                0x10006948                tud_cdc_n_write_available
 .text.cdcd_init
                0x10006964       0xbc CMakeFiles/roboticarm.dir/C_/Users/thedy/.pico-sdk/sdk/1.5.1/lib/tinyusb/src/class/cdc/cdc_device.c.obj
                0x10006964                cdcd_init
 .text.cdcd_reset
                0x10006a20       0x44 CMakeFiles/roboticarm.dir/C_/Users/thedy/.pico-sdk/sdk/1.5.1/lib/tinyusb/src/class/cdc/cdc_device.c.obj
                0x10006a20                cdcd_reset
 .text.cdcd_open
                0x10006a64       0xc4 CMakeFiles/roboticarm.dir/C_/Users/thedy/.pico-sdk/sdk/1.5.1/lib/tinyusb/src/class/cdc/cdc_device.c.obj
                0x10006a64                cdcd_open
 .text.cdcd_control_xfer_cb
                0x10006b28      0x134 CMakeFiles/roboticarm.dir/C_/Users/thedy/.pico-sdk/sdk/1.5.1/lib/tinyusb/src/class/cdc/cdc_device.c.obj
                0x10006b28                cdcd_control_xfer_cb
 .text.cdcd_xfer_cb
                0x10006c5c      0x130 CMakeFiles/roboticarm.dir/C_/Users/thedy/.pico-sdk/sdk/1.5.1/lib/tinyusb/src/class/cdc/cdc_device.c.obj
                0x10006c5c                cdcd_xfer_cb
 .text.tusb_init
                0x10006d8c        0xa CMakeFiles/roboticarm.dir/C_/Users/thedy/.pico-sdk/sdk/1.5.1/lib/tinyusb/src/tusb.c.obj
                0x10006d8c                tusb_init
 .text.tusb_inited
                0x10006d96        0xe CMakeFiles/roboticarm.dir/C_/Users/thedy/.pico-sdk/sdk/1.5.1/lib/tinyusb/src/tusb.c.obj
                0x10006d96                tusb_inited
 .text.tu_edpt_claim
                0x10006da4       0x50 CMakeFiles/roboticarm.dir/C_/Users/thedy/.pico-sdk/sdk/1.5.1/lib/tinyusb/src/tusb.c.obj
                0x10006da4                tu_edpt_claim
 .text.tu_edpt_release
                0x10006df4       0x38 CMakeFiles/roboticarm.dir/C_/Users/thedy/.pico-sdk/sdk/1.5.1/lib/tinyusb/src/tusb.c.obj
                0x10006df4                tu_edpt_release
 .text.tu_edpt_validate
                0x10006e2c       0x78 CMakeFiles/roboticarm.dir/C_/Users/thedy/.pico-sdk/sdk/1.5.1/lib/tinyusb/src/tusb.c.obj
                0x10006e2c                tu_edpt_validate
 .text.tu_edpt_bind_driver
                0x10006ea4       0x26 CMakeFiles/roboticarm.dir/C_/Users/thedy/.pico-sdk/sdk/1.5.1/lib/tinyusb/src/tusb.c.obj
                0x10006ea4                tu_edpt_bind_driver
 .text.advance_index
                0x10006eca       0x1a CMakeFiles/roboticarm.dir/C_/Users/thedy/.pico-sdk/sdk/1.5.1/lib/tinyusb/src/common/tusb_fifo.c.obj
 .text._tu_fifo_peek
                0x10006ee4       0x56 CMakeFiles/roboticarm.dir/C_/Users/thedy/.pico-sdk/sdk/1.5.1/lib/tinyusb/src/common/tusb_fifo.c.obj
 .text._ff_pull_const_addr
                0x10006f3a       0x4c CMakeFiles/roboticarm.dir/C_/Users/thedy/.pico-sdk/sdk/1.5.1/lib/tinyusb/src/common/tusb_fifo.c.obj
 .text._ff_pull_n
                0x10006f86      0x110 CMakeFiles/roboticarm.dir/C_/Users/thedy/.pico-sdk/sdk/1.5.1/lib/tinyusb/src/common/tusb_fifo.c.obj
 .text._tu_fifo_peek_n
                0x10007096       0x6a CMakeFiles/roboticarm.dir/C_/Users/thedy/.pico-sdk/sdk/1.5.1/lib/tinyusb/src/common/tusb_fifo.c.obj
 .text._tu_fifo_read_n
                0x10007100       0x4e CMakeFiles/roboticarm.dir/C_/Users/thedy/.pico-sdk/sdk/1.5.1/lib/tinyusb/src/common/tusb_fifo.c.obj
 .text._ff_push_const_addr
                0x1000714e       0x40 CMakeFiles/roboticarm.dir/C_/Users/thedy/.pico-sdk/sdk/1.5.1/lib/tinyusb/src/common/tusb_fifo.c.obj
 .text._ff_push_n
                0x1000718e      0x10c CMakeFiles/roboticarm.dir/C_/Users/thedy/.pico-sdk/sdk/1.5.1/lib/tinyusb/src/common/tusb_fifo.c.obj
 .text._tu_fifo_write_n
                0x1000729a       0xf0 CMakeFiles/roboticarm.dir/C_/Users/thedy/.pico-sdk/sdk/1.5.1/lib/tinyusb/src/common/tusb_fifo.c.obj
 .text.tu_fifo_config
                0x1000738a       0x7c CMakeFiles/roboticarm.dir/C_/Users/thedy/.pico-sdk/sdk/1.5.1/lib/tinyusb/src/common/tusb_fifo.c.obj
                0x1000738a                tu_fifo_config
 .text.tu_fifo_count
                0x10007406       0x2a CMakeFiles/roboticarm.dir/C_/Users/thedy/.pico-sdk/sdk/1.5.1/lib/tinyusb/src/common/tusb_fifo.c.obj
                0x10007406                tu_fifo_count
 .text.tu_fifo_empty
                0x10007430        0xe CMakeFiles/roboticarm.dir/C_/Users/thedy/.pico-sdk/sdk/1.5.1/lib/tinyusb/src/common/tusb_fifo.c.obj
                0x10007430                tu_fifo_empty
 .text.tu_fifo_full
                0x1000743e       0x28 CMakeFiles/roboticarm.dir/C_/Users/thedy/.pico-sdk/sdk/1.5.1/lib/tinyusb/src/common/tusb_fifo.c.obj
                0x1000743e                tu_fifo_full
 .text.tu_fifo_remaining
                0x10007466       0x2c CMakeFiles/roboticarm.dir/C_/Users/thedy/.pico-sdk/sdk/1.5.1/lib/tinyusb/src/common/tusb_fifo.c.obj
                0x10007466                tu_fifo_remaining
 .text.tu_fifo_read
                0x10007492       0x42 CMakeFiles/roboticarm.dir/C_/Users/thedy/.pico-sdk/sdk/1.5.1/lib/tinyusb/src/common/tusb_fifo.c.obj
                0x10007492                tu_fifo_read
 .text.tu_fifo_read_n
                0x100074d4        0xa CMakeFiles/roboticarm.dir/C_/Users/thedy/.pico-sdk/sdk/1.5.1/lib/tinyusb/src/common/tusb_fifo.c.obj
                0x100074d4                tu_fifo_read_n
 .text.tu_fifo_write
                0x100074de       0x64 CMakeFiles/roboticarm.dir/C_/Users/thedy/.pico-sdk/sdk/1.5.1/lib/tinyusb/src/common/tusb_fifo.c.obj
                0x100074de                tu_fifo_write
 .text.tu_fifo_write_n
                0x10007542        0xa CMakeFiles/roboticarm.dir/C_/Users/thedy/.pico-sdk/sdk/1.5.1/lib/tinyusb/src/common/tusb_fifo.c.obj
                0x10007542                tu_fifo_write_n
 .text.tu_fifo_clear
                0x1000754c       0x3e CMakeFiles/roboticarm.dir/C_/Users/thedy/.pico-sdk/sdk/1.5.1/lib/tinyusb/src/common/tusb_fifo.c.obj
                0x1000754c                tu_fifo_clear
 .text.tu_fifo_set_overwritable
                0x1000758a       0x46 CMakeFiles/roboticarm.dir/C_/Users/thedy/.pico-sdk/sdk/1.5.1/lib/tinyusb/src/common/tusb_fifo.c.obj
                0x1000758a                tu_fifo_set_overwritable
 .text.core1_trampoline
                0x100075d0        0x2 CMakeFiles/roboticarm.dir/C_/Users/thedy/.pico-sdk/sdk/1.5.1/src/rp2_common/pico_multicore/multicore.c.obj
 .text.core1_wrapper
                0x100075d2        0xc CMakeFiles/roboticarm.dir/C_/Users/thedy/.pico-sdk/sdk/1.5.1/src/rp2_common/pico_multicore/multicore.c.obj
                0x100075d2                core1_wrapper
 .text.multicore_fifo_push_blocking
                0x100075de       0x14 CMakeFiles/roboticarm.dir/C_/Users/thedy/.pico-sdk/sdk/1.5.1/src/rp2_common/pico_multicore/multicore.c.obj
                0x100075de                multicore_fifo_push_blocking
 .text.multicore_fifo_pop_blocking
                0x100075f2       0x16 CMakeFiles/roboticarm.dir/C_/Users/thedy/.pico-sdk/sdk/1.5.1/src/rp2_common/pico_multicore/multicore.c.obj
                0x100075f2                multicore_fifo_pop_blocking
 .text.multicore_launch_core1_raw
                0x10007608       0x70 CMakeFiles/roboticarm.dir/C_/Users/thedy/.pico-sdk/sdk/1.5.1/src/rp2_common/pico_multicore/multicore.c.obj
                0x10007608                multicore_launch_core1_raw
 .text.multicore_launch_core1_with_stack
                0x10007678       0x50 CMakeFiles/roboticarm.dir/C_/Users/thedy/.pico-sdk/sdk/1.5.1/src/rp2_common/pico_multicore/multicore.c.obj
                0x10007678                multicore_launch_core1_with_stack
 .text.multicore_launch_core1
                0x100076c8       0x24 CMakeFiles/roboticarm.dir/C_/Users/thedy/.pico-sdk/sdk/1.5.1/src/rp2_common/pico_multicore/multicore.c.obj
                0x100076c8                multicore_launch_core1
 .text._calloc_r
                0x100076ec       0xa8 C:/PROGRA~2/ARMGNU~1/13C7F1~1.2RE/bin/../lib/gcc/arm-none-eabi/13.2.1/thumb/v6-m/nofp\libg.a(libc_a-callocr.o)
                0x100076ec                _calloc_r
 .text.malloc   0x10007794       0x14 C:/PROGRA~2/ARMGNU~1/13C7F1~1.2RE/bin/../lib/gcc/arm-none-eabi/13.2.1/thumb/v6-m/nofp\libg.a(libc_a-malloc.o)
                0x10007794                malloc
 .text.free     0x100077a8       0x14 C:/PROGRA~2/ARMGNU~1/13C7F1~1.2RE/bin/../lib/gcc/arm-none-eabi/13.2.1/thumb/v6-m/nofp\libg.a(libc_a-malloc.o)
                0x100077a8                free
 .text._malloc_r
                0x100077bc      0x5c4 C:/PROGRA~2/ARMGNU~1/13C7F1~1.2RE/bin/../lib/gcc/arm-none-eabi/13.2.1/thumb/v6-m/nofp\libg.a(libc_a-mallocr.o)
                0x100077bc                _malloc_r
 .text.__malloc_lock
                0x10007d80       0x10 C:/PROGRA~2/ARMGNU~1/13C7F1~1.2RE/bin/../lib/gcc/arm-none-eabi/13.2.1/thumb/v6-m/nofp\libg.a(libc_a-mlock.o)
                0x10007d80                __malloc_lock
 .text.__malloc_unlock
                0x10007d90       0x10 C:/PROGRA~2/ARMGNU~1/13C7F1~1.2RE/bin/../lib/gcc/arm-none-eabi/13.2.1/thumb/v6-m/nofp\libg.a(libc_a-mlock.o)
                0x10007d90                __malloc_unlock
 .text.realloc  0x10007da0       0x18 C:/PROGRA~2/ARMGNU~1/13C7F1~1.2RE/bin/../lib/gcc/arm-none-eabi/13.2.1/thumb/v6-m/nofp\libg.a(libc_a-realloc.o)
                0x10007da0                realloc
 .text._realloc_r
                0x10007db8      0x350 C:/PROGRA~2/ARMGNU~1/13C7F1~1.2RE/bin/../lib/gcc/arm-none-eabi/13.2.1/thumb/v6-m/nofp\libg.a(libc_a-reallocr.o)
                0x10007db8                _realloc_r
 .text.scanf    0x10008108       0x24 C:/PROGRA~2/ARMGNU~1/13C7F1~1.2RE/bin/../lib/gcc/arm-none-eabi/13.2.1/thumb/v6-m/nofp\libg.a(libc_a-scanf.o)
                0x10008108                scanf
 .text.memmove  0x1000812c       0xb0 C:/PROGRA~2/ARMGNU~1/13C7F1~1.2RE/bin/../lib/gcc/arm-none-eabi/13.2.1/thumb/v6-m/nofp\libg.a(libc_a-memmove.o)
                0x1000812c                memmove
 .text.strncmp  0x100081dc       0x74 C:/PROGRA~2/ARMGNU~1/13C7F1~1.2RE/bin/../lib/gcc/arm-none-eabi/13.2.1/thumb/v6-m/nofp\libg.a(libc_a-strncmp.o)
                0x100081dc                strncmp
 .text._sbrk_r  0x10008250       0x24 C:/PROGRA~2/ARMGNU~1/13C7F1~1.2RE/bin/../lib/gcc/arm-none-eabi/13.2.1/thumb/v6-m/nofp\libg.a(libc_a-sbrkr.o)
                0x10008250                _sbrk_r
 .text.__errno  0x10008274        0xc C:/PROGRA~2/ARMGNU~1/13C7F1~1.2RE/bin/../lib/gcc/arm-none-eabi/13.2.1/thumb/v6-m/nofp\libg.a(libc_a-errno.o)
                0x10008274                __errno
 .text.__retarget_lock_init_recursive
                0x10008280        0x4 C:/PROGRA~2/ARMGNU~1/13C7F1~1.2RE/bin/../lib/gcc/arm-none-eabi/13.2.1/thumb/v6-m/nofp\libg.a(libc_a-lock.o)
                0x10008280                __retarget_lock_init_recursive
 .text.__retarget_lock_close_recursive
                0x10008284        0x4 C:/PROGRA~2/ARMGNU~1/13C7F1~1.2RE/bin/../lib/gcc/arm-none-eabi/13.2.1/thumb/v6-m/nofp\libg.a(libc_a-lock.o)
                0x10008284                __retarget_lock_close_recursive
 .text.__retarget_lock_acquire_recursive
                0x10008288        0x4 C:/PROGRA~2/ARMGNU~1/13C7F1~1.2RE/bin/../lib/gcc/arm-none-eabi/13.2.1/thumb/v6-m/nofp\libg.a(libc_a-lock.o)
                0x10008288                __retarget_lock_acquire_recursive
 .text.__retarget_lock_release_recursive
                0x1000828c        0x4 C:/PROGRA~2/ARMGNU~1/13C7F1~1.2RE/bin/../lib/gcc/arm-none-eabi/13.2.1/thumb/v6-m/nofp\libg.a(libc_a-lock.o)
                0x1000828c                __retarget_lock_release_recursive
 .text.sysconf  0x10008290       0x1c C:/PROGRA~2/ARMGNU~1/13C7F1~1.2RE/bin/../lib/gcc/arm-none-eabi/13.2.1/thumb/v6-m/nofp\libg.a(libc_a-sysconf.o)
                0x10008290                sysconf
 .text.strlen   0x100082ac       0x5c C:/PROGRA~2/ARMGNU~1/13C7F1~1.2RE/bin/../lib/gcc/arm-none-eabi/13.2.1/thumb/v6-m/nofp\libg.a(libc_a-strlen-stub.o)
                0x100082ac                strlen
 .text._malloc_trim_r
                0x10008308       0xb4 C:/PROGRA~2/ARMGNU~1/13C7F1~1.2RE/bin/../lib/gcc/arm-none-eabi/13.2.1/thumb/v6-m/nofp\libg.a(libc_a-freer.o)
                0x10008308                _malloc_trim_r
 .text._free_r  0x100083bc      0x1d4 C:/PROGRA~2/ARMGNU~1/13C7F1~1.2RE/bin/../lib/gcc/arm-none-eabi/13.2.1/thumb/v6-m/nofp\libg.a(libc_a-freer.o)
                0x100083bc                _free_r
 .text.__svfscanf_r
                0x10008590     0x1884 C:/PROGRA~2/ARMGNU~1/13C7F1~1.2RE/bin/../lib/gcc/arm-none-eabi/13.2.1/thumb/v6-m/nofp\libg.a(libc_a-vfscanf.o)
                0x10008590                __svfscanf_r
 .text._vfscanf_r
                0x10009e14       0x28 C:/PROGRA~2/ARMGNU~1/13C7F1~1.2RE/bin/../lib/gcc/arm-none-eabi/13.2.1/thumb/v6-m/nofp\libg.a(libc_a-vfscanf.o)
                0x10009e14                _vfscanf_r
 .text.stdio_exit_handler
                0x10009e3c       0x1c C:/PROGRA~2/ARMGNU~1/13C7F1~1.2RE/bin/../lib/gcc/arm-none-eabi/13.2.1/thumb/v6-m/nofp\libg.a(libc_a-findfp.o)
 .text.cleanup_stdio
                0x10009e58       0x3c C:/PROGRA~2/ARMGNU~1/13C7F1~1.2RE/bin/../lib/gcc/arm-none-eabi/13.2.1/thumb/v6-m/nofp\libg.a(libc_a-findfp.o)
 .text.global_stdio_init.part.0
                0x10009e94      0x118 C:/PROGRA~2/ARMGNU~1/13C7F1~1.2RE/bin/../lib/gcc/arm-none-eabi/13.2.1/thumb/v6-m/nofp\libg.a(libc_a-findfp.o)
 .text.__sinit  0x10009fac       0x38 C:/PROGRA~2/ARMGNU~1/13C7F1~1.2RE/bin/../lib/gcc/arm-none-eabi/13.2.1/thumb/v6-m/nofp\libg.a(libc_a-findfp.o)
                0x10009fac                __sinit
 .text.__sfp_lock_acquire
                0x10009fe4       0x10 C:/PROGRA~2/ARMGNU~1/13C7F1~1.2RE/bin/../lib/gcc/arm-none-eabi/13.2.1/thumb/v6-m/nofp\libg.a(libc_a-findfp.o)
                0x10009fe4                __sfp_lock_acquire
 .text.__sfp_lock_release
                0x10009ff4       0x10 C:/PROGRA~2/ARMGNU~1/13C7F1~1.2RE/bin/../lib/gcc/arm-none-eabi/13.2.1/thumb/v6-m/nofp\libg.a(libc_a-findfp.o)
                0x10009ff4                __sfp_lock_release
 .text._fread_r
                0x1000a004      0x1e8 C:/PROGRA~2/ARMGNU~1/13C7F1~1.2RE/bin/../lib/gcc/arm-none-eabi/13.2.1/thumb/v6-m/nofp\libg.a(libc_a-fread.o)
                0x1000a004                _fread_r
 .text._fwalk_sglue
                0x1000a1ec       0x44 C:/PROGRA~2/ARMGNU~1/13C7F1~1.2RE/bin/../lib/gcc/arm-none-eabi/13.2.1/thumb/v6-m/nofp\libg.a(libc_a-fwalk.o)
                0x1000a1ec                _fwalk_sglue
 .text.lflush   0x1000a230       0x20 C:/PROGRA~2/ARMGNU~1/13C7F1~1.2RE/bin/../lib/gcc/arm-none-eabi/13.2.1/thumb/v6-m/nofp\libg.a(libc_a-refill.o)
 .text.__srefill_r
                0x1000a250      0x118 C:/PROGRA~2/ARMGNU~1/13C7F1~1.2RE/bin/../lib/gcc/arm-none-eabi/13.2.1/thumb/v6-m/nofp\libg.a(libc_a-refill.o)
                0x1000a250                __srefill_r
 .text.__sccl   0x1000a368       0x80 C:/PROGRA~2/ARMGNU~1/13C7F1~1.2RE/bin/../lib/gcc/arm-none-eabi/13.2.1/thumb/v6-m/nofp\libg.a(libc_a-sccl.o)
                0x1000a368                __sccl
 .text.__sread  0x1000a3e8       0x28 C:/PROGRA~2/ARMGNU~1/13C7F1~1.2RE/bin/../lib/gcc/arm-none-eabi/13.2.1/thumb/v6-m/nofp\libg.a(libc_a-stdio.o)
                0x1000a3e8                __sread
 .text.__swrite
                0x1000a410       0x40 C:/PROGRA~2/ARMGNU~1/13C7F1~1.2RE/bin/../lib/gcc/arm-none-eabi/13.2.1/thumb/v6-m/nofp\libg.a(libc_a-stdio.o)
                0x1000a410                __swrite
 .text.__sseek  0x1000a450       0x30 C:/PROGRA~2/ARMGNU~1/13C7F1~1.2RE/bin/../lib/gcc/arm-none-eabi/13.2.1/thumb/v6-m/nofp\libg.a(libc_a-stdio.o)
                0x1000a450                __sseek
 .text.__sclose
                0x1000a480        0xc C:/PROGRA~2/ARMGNU~1/13C7F1~1.2RE/bin/../lib/gcc/arm-none-eabi/13.2.1/thumb/v6-m/nofp\libg.a(libc_a-stdio.o)
                0x1000a480                __sclose
 .text.__submore
                0x1000a48c       0x84 C:/PROGRA~2/ARMGNU~1/13C7F1~1.2RE/bin/../lib/gcc/arm-none-eabi/13.2.1/thumb/v6-m/nofp\libg.a(libc_a-ungetc.o)
                0x1000a48c                __submore
 .text._ungetc_r
                0x1000a510      0x144 C:/PROGRA~2/ARMGNU~1/13C7F1~1.2RE/bin/../lib/gcc/arm-none-eabi/13.2.1/thumb/v6-m/nofp\libg.a(libc_a-ungetc.o)
                0x1000a510                _ungetc_r
 .text.stpncpy  0x1000a654       0x78 C:/PROGRA~2/ARMGNU~1/13C7F1~1.2RE/bin/../lib/gcc/arm-none-eabi/13.2.1/thumb/v6-m/nofp\libg.a(libc_a-stpncpy.o)
                0x1000a654                stpncpy
 .text.__locale_mb_cur_max
                0x1000a6cc       0x10 C:/PROGRA~2/ARMGNU~1/13C7F1~1.2RE/bin/../lib/gcc/arm-none-eabi/13.2.1/thumb/v6-m/nofp\libg.a(libc_a-locale.o)
                0x1000a6cc                __locale_mb_cur_max
 .text._localeconv_r
                0x1000a6dc        0x8 C:/PROGRA~2/ARMGNU~1/13C7F1~1.2RE/bin/../lib/gcc/arm-none-eabi/13.2.1/thumb/v6-m/nofp\libg.a(libc_a-localeconv.o)
                0x1000a6dc                _localeconv_r
 .text._close_r
                0x1000a6e4       0x24 C:/PROGRA~2/ARMGNU~1/13C7F1~1.2RE/bin/../lib/gcc/arm-none-eabi/13.2.1/thumb/v6-m/nofp\libg.a(libc_a-closer.o)
                0x1000a6e4                _close_r
 .text._lseek_r
                0x1000a708       0x28 C:/PROGRA~2/ARMGNU~1/13C7F1~1.2RE/bin/../lib/gcc/arm-none-eabi/13.2.1/thumb/v6-m/nofp\libg.a(libc_a-lseekr.o)
                0x1000a708                _lseek_r
 .text._read_r  0x1000a730       0x28 C:/PROGRA~2/ARMGNU~1/13C7F1~1.2RE/bin/../lib/gcc/arm-none-eabi/13.2.1/thumb/v6-m/nofp\libg.a(libc_a-readr.o)
                0x1000a730                _read_r
 .text._write_r
                0x1000a758       0x28 C:/PROGRA~2/ARMGNU~1/13C7F1~1.2RE/bin/../lib/gcc/arm-none-eabi/13.2.1/thumb/v6-m/nofp\libg.a(libc_a-writer.o)
                0x1000a758                _write_r
 .text          0x1000a780       0x88 C:/PROGRA~2/ARMGNU~1/13C7F1~1.2RE/bin/../lib/gcc/arm-none-eabi/13.2.1/thumb/v6-m/nofp\libg.a(libc_a-strcmp.o)
                0x1000a780                strcmp
 .text.nanf     0x1000a808        0x8 C:/PROGRA~2/ARMGNU~1/13C7F1~1.2RE/bin/../lib/gcc/arm-none-eabi/13.2.1/thumb/v6-m/nofp\libg.a(libm_a-sf_nan.o)
                0x1000a808                nanf
 .text.__ascii_mbtowc
                0x1000a810       0x2c C:/PROGRA~2/ARMGNU~1/13C7F1~1.2RE/bin/../lib/gcc/arm-none-eabi/13.2.1/thumb/v6-m/nofp\libg.a(libc_a-mbtowc_r.o)
                0x1000a810                __ascii_mbtowc
 .text.sulp     0x1000a83c       0x30 C:/PROGRA~2/ARMGNU~1/13C7F1~1.2RE/bin/../lib/gcc/arm-none-eabi/13.2.1/thumb/v6-m/nofp\libg.a(libc_a-strtod.o)
 .text._strtod_l
                0x1000a86c      0xeb8 C:/PROGRA~2/ARMGNU~1/13C7F1~1.2RE/bin/../lib/gcc/arm-none-eabi/13.2.1/thumb/v6-m/nofp\libg.a(libc_a-strtod.o)
                0x1000a86c                _strtod_l
 .text._strtod_r
                0x1000b724       0x10 C:/PROGRA~2/ARMGNU~1/13C7F1~1.2RE/bin/../lib/gcc/arm-none-eabi/13.2.1/thumb/v6-m/nofp\libg.a(libc_a-strtod.o)
                0x1000b724                _strtod_r
 .text._strtol_l.isra.0
                0x1000b734      0x158 C:/PROGRA~2/ARMGNU~1/13C7F1~1.2RE/bin/../lib/gcc/arm-none-eabi/13.2.1/thumb/v6-m/nofp\libg.a(libc_a-strtol.o)
 .text._strtol_r
                0x1000b88c        0x8 C:/PROGRA~2/ARMGNU~1/13C7F1~1.2RE/bin/../lib/gcc/arm-none-eabi/13.2.1/thumb/v6-m/nofp\libg.a(libc_a-strtol.o)
                0x1000b88c                _strtol_r
 .text._strtoul_l.isra.0
                0x1000b894      0x144 C:/PROGRA~2/ARMGNU~1/13C7F1~1.2RE/bin/../lib/gcc/arm-none-eabi/13.2.1/thumb/v6-m/nofp\libg.a(libc_a-strtoul.o)
 .text._strtoul_r
                0x1000b9d8        0x8 C:/PROGRA~2/ARMGNU~1/13C7F1~1.2RE/bin/../lib/gcc/arm-none-eabi/13.2.1/thumb/v6-m/nofp\libg.a(libc_a-strtoul.o)
                0x1000b9d8                _strtoul_r
 .text.__ascii_wctomb
                0x1000b9e0       0x1c C:/PROGRA~2/ARMGNU~1/13C7F1~1.2RE/bin/../lib/gcc/arm-none-eabi/13.2.1/thumb/v6-m/nofp\libg.a(libc_a-wctomb_r.o)
                0x1000b9e0                __ascii_wctomb
 .text._strtoll_l.isra.0
                0x1000b9fc      0x1a0 C:/PROGRA~2/ARMGNU~1/13C7F1~1.2RE/bin/../lib/gcc/arm-none-eabi/13.2.1/thumb/v6-m/nofp\libg.a(libc_a-strtoll.o)
 .text._strtoll_r
                0x1000bb9c        0x8 C:/PROGRA~2/ARMGNU~1/13C7F1~1.2RE/bin/../lib/gcc/arm-none-eabi/13.2.1/thumb/v6-m/nofp\libg.a(libc_a-strtoll.o)
                0x1000bb9c                _strtoll_r
 .text._strtoull_l.isra.0
                0x1000bba4      0x1c4 C:/PROGRA~2/ARMGNU~1/13C7F1~1.2RE/bin/../lib/gcc/arm-none-eabi/13.2.1/thumb/v6-m/nofp\libg.a(libc_a-strtoull.o)
 .text._strtoull_r
                0x1000bd68        0x8 C:/PROGRA~2/ARMGNU~1/13C7F1~1.2RE/bin/../lib/gcc/arm-none-eabi/13.2.1/thumb/v6-m/nofp\libg.a(libc_a-strtoull.o)
                0x1000bd68                _strtoull_r
 .text._mbrtowc_r
                0x1000bd70       0x54 C:/PROGRA~2/ARMGNU~1/13C7F1~1.2RE/bin/../lib/gcc/arm-none-eabi/13.2.1/thumb/v6-m/nofp\libg.a(libc_a-mbrtowc.o)
                0x1000bd70                _mbrtowc_r
 .text.iswspace
                0x1000bdc4        0xc C:/PROGRA~2/ARMGNU~1/13C7F1~1.2RE/bin/../lib/gcc/arm-none-eabi/13.2.1/thumb/v6-m/nofp\libg.a(libc_a-iswspace.o)
                0x1000bdc4                iswspace
 .text.iswspace_l
                0x1000bdd0       0x24 C:/PROGRA~2/ARMGNU~1/13C7F1~1.2RE/bin/../lib/gcc/arm-none-eabi/13.2.1/thumb/v6-m/nofp\libg.a(libc_a-iswspace_l.o)
                0x1000bdd0                iswspace_l
 .text.__jp2uc  0x1000bdf4      0x154 C:/PROGRA~2/ARMGNU~1/13C7F1~1.2RE/bin/../lib/gcc/arm-none-eabi/13.2.1/thumb/v6-m/nofp\libg.a(libc_a-jp2uc.o)
 .text._jp2uc_l
                0x1000bf48       0x68 C:/PROGRA~2/ARMGNU~1/13C7F1~1.2RE/bin/../lib/gcc/arm-none-eabi/13.2.1/thumb/v6-m/nofp\libg.a(libc_a-jp2uc.o)
                0x1000bf48                _jp2uc_l
 .text._fclose_r
                0x1000bfb0       0xd0 C:/PROGRA~2/ARMGNU~1/13C7F1~1.2RE/bin/../lib/gcc/arm-none-eabi/13.2.1/thumb/v6-m/nofp\libg.a(libc_a-fclose.o)
                0x1000bfb0                _fclose_r
 .text.__sflush_r
                0x1000c080      0x148 C:/PROGRA~2/ARMGNU~1/13C7F1~1.2RE/bin/../lib/gcc/arm-none-eabi/13.2.1/thumb/v6-m/nofp\libg.a(libc_a-fflush.o)
                0x1000c080                __sflush_r
 .text._fflush_r
                0x1000c1c8       0x68 C:/PROGRA~2/ARMGNU~1/13C7F1~1.2RE/bin/../lib/gcc/arm-none-eabi/13.2.1/thumb/v6-m/nofp\libg.a(libc_a-fflush.o)
                0x1000c1c8                _fflush_r
 .text.__smakebuf_r
                0x1000c230       0xe0 C:/PROGRA~2/ARMGNU~1/13C7F1~1.2RE/bin/../lib/gcc/arm-none-eabi/13.2.1/thumb/v6-m/nofp\libg.a(libc_a-makebuf.o)
                0x1000c230                __smakebuf_r
 .text._fstat_r
                0x1000c310       0x28 C:/PROGRA~2/ARMGNU~1/13C7F1~1.2RE/bin/../lib/gcc/arm-none-eabi/13.2.1/thumb/v6-m/nofp\libg.a(libc_a-fstatr.o)
                0x1000c310                _fstat_r
 .text._isatty_r
                0x1000c338       0x24 C:/PROGRA~2/ARMGNU~1/13C7F1~1.2RE/bin/../lib/gcc/arm-none-eabi/13.2.1/thumb/v6-m/nofp\libg.a(libc_a-isattyr.o)
                0x1000c338                _isatty_r
 .text.nan      0x1000c35c        0xc C:/PROGRA~2/ARMGNU~1/13C7F1~1.2RE/bin/../lib/gcc/arm-none-eabi/13.2.1/thumb/v6-m/nofp\libg.a(libm_a-s_nan.o)
                0x1000c35c                nan
 .text.rshift   0x1000c368       0xb0 C:/PROGRA~2/ARMGNU~1/13C7F1~1.2RE/bin/../lib/gcc/arm-none-eabi/13.2.1/thumb/v6-m/nofp\libg.a(libc_a-gdtoa-gethex.o)
 .text.__gethex
                0x1000c418      0x5a8 C:/PROGRA~2/ARMGNU~1/13C7F1~1.2RE/bin/../lib/gcc/arm-none-eabi/13.2.1/thumb/v6-m/nofp\libg.a(libc_a-gdtoa-gethex.o)
                0x1000c418                __gethex
 .text.__match  0x1000c9c0       0x2c C:/PROGRA~2/ARMGNU~1/13C7F1~1.2RE/bin/../lib/gcc/arm-none-eabi/13.2.1/thumb/v6-m/nofp\libg.a(libc_a-gdtoa-hexnan.o)
                0x1000c9c0                __match
 .text.__hexnan
                0x1000c9ec      0x204 C:/PROGRA~2/ARMGNU~1/13C7F1~1.2RE/bin/../lib/gcc/arm-none-eabi/13.2.1/thumb/v6-m/nofp\libg.a(libc_a-gdtoa-hexnan.o)
                0x1000c9ec                __hexnan
 .text._Balloc  0x1000cbf0       0x50 C:/PROGRA~2/ARMGNU~1/13C7F1~1.2RE/bin/../lib/gcc/arm-none-eabi/13.2.1/thumb/v6-m/nofp\libg.a(libc_a-mprec.o)
                0x1000cbf0                _Balloc
 .text._Bfree   0x1000cc40       0x14 C:/PROGRA~2/ARMGNU~1/13C7F1~1.2RE/bin/../lib/gcc/arm-none-eabi/13.2.1/thumb/v6-m/nofp\libg.a(libc_a-mprec.o)
                0x1000cc40                _Bfree
 .text.__multadd
                0x1000cc54       0xa8 C:/PROGRA~2/ARMGNU~1/13C7F1~1.2RE/bin/../lib/gcc/arm-none-eabi/13.2.1/thumb/v6-m/nofp\libg.a(libc_a-mprec.o)
                0x1000cc54                __multadd
 .text.__s2b    0x1000ccfc       0xb0 C:/PROGRA~2/ARMGNU~1/13C7F1~1.2RE/bin/../lib/gcc/arm-none-eabi/13.2.1/thumb/v6-m/nofp\libg.a(libc_a-mprec.o)
                0x1000ccfc                __s2b
 .text.__hi0bits
                0x1000cdac       0x4c C:/PROGRA~2/ARMGNU~1/13C7F1~1.2RE/bin/../lib/gcc/arm-none-eabi/13.2.1/thumb/v6-m/nofp\libg.a(libc_a-mprec.o)
                0x1000cdac                __hi0bits
 .text.__lo0bits
                0x1000cdf8       0x5c C:/PROGRA~2/ARMGNU~1/13C7F1~1.2RE/bin/../lib/gcc/arm-none-eabi/13.2.1/thumb/v6-m/nofp\libg.a(libc_a-mprec.o)
                0x1000cdf8                __lo0bits
 .text.__i2b    0x1000ce54       0x60 C:/PROGRA~2/ARMGNU~1/13C7F1~1.2RE/bin/../lib/gcc/arm-none-eabi/13.2.1/thumb/v6-m/nofp\libg.a(libc_a-mprec.o)
                0x1000ce54                __i2b
 .text.__multiply
                0x1000ceb4      0x1ac C:/PROGRA~2/ARMGNU~1/13C7F1~1.2RE/bin/../lib/gcc/arm-none-eabi/13.2.1/thumb/v6-m/nofp\libg.a(libc_a-mprec.o)
                0x1000ceb4                __multiply
 .text.__pow5mult
                0x1000d060       0xd0 C:/PROGRA~2/ARMGNU~1/13C7F1~1.2RE/bin/../lib/gcc/arm-none-eabi/13.2.1/thumb/v6-m/nofp\libg.a(libc_a-mprec.o)
                0x1000d060                __pow5mult
 .text.__lshift
                0x1000d130       0xfc C:/PROGRA~2/ARMGNU~1/13C7F1~1.2RE/bin/../lib/gcc/arm-none-eabi/13.2.1/thumb/v6-m/nofp\libg.a(libc_a-mprec.o)
                0x1000d130                __lshift
 .text.__mcmp   0x1000d22c       0x3c C:/PROGRA~2/ARMGNU~1/13C7F1~1.2RE/bin/../lib/gcc/arm-none-eabi/13.2.1/thumb/v6-m/nofp\libg.a(libc_a-mprec.o)
                0x1000d22c                __mcmp
 .text.__mdiff  0x1000d268      0x1b4 C:/PROGRA~2/ARMGNU~1/13C7F1~1.2RE/bin/../lib/gcc/arm-none-eabi/13.2.1/thumb/v6-m/nofp\libg.a(libc_a-mprec.o)
                0x1000d268                __mdiff
 .text.__ulp    0x1000d41c       0x40 C:/PROGRA~2/ARMGNU~1/13C7F1~1.2RE/bin/../lib/gcc/arm-none-eabi/13.2.1/thumb/v6-m/nofp\libg.a(libc_a-mprec.o)
                0x1000d41c                __ulp
 .text.__b2d    0x1000d45c       0xb8 C:/PROGRA~2/ARMGNU~1/13C7F1~1.2RE/bin/../lib/gcc/arm-none-eabi/13.2.1/thumb/v6-m/nofp\libg.a(libc_a-mprec.o)
                0x1000d45c                __b2d
 .text.__d2b    0x1000d514       0xcc C:/PROGRA~2/ARMGNU~1/13C7F1~1.2RE/bin/../lib/gcc/arm-none-eabi/13.2.1/thumb/v6-m/nofp\libg.a(libc_a-mprec.o)
                0x1000d514                __d2b
 .text.__ratio  0x1000d5e0       0x68 C:/PROGRA~2/ARMGNU~1/13C7F1~1.2RE/bin/../lib/gcc/arm-none-eabi/13.2.1/thumb/v6-m/nofp\libg.a(libc_a-mprec.o)
                0x1000d5e0                __ratio
 .text.__copybits
                0x1000d648       0x40 C:/PROGRA~2/ARMGNU~1/13C7F1~1.2RE/bin/../lib/gcc/arm-none-eabi/13.2.1/thumb/v6-m/nofp\libg.a(libc_a-mprec.o)
                0x1000d648                __copybits
 .text.__any_on